<html>
<body>
<pre>
<h1>µVision Build Log</h1>
<h2>Tool Versions:</h2>
IDE-Version: µVision V5.39.0.0
Copyright (C) 2023 ARM Ltd and ARM Germany GmbH. All rights reserved.
License Information: parsa oskouee, rabtech, LIC=RC93N-YVQLK-016P1-C4I22-5TI56-DJ3QJ
 
Tool Versions:
Toolchain:       MDK-ARM Plus  Version: 5.39.0.0
Toolchain Path:  C:\Keil_v5\ARM\ARMCLANG\Bin
C Compiler:      ArmClang.exe V6.21
Assembler:       Armasm.exe V6.21
Linker/Locator:  ArmLink.exe V6.21
Library Manager: ArmAr.exe V6.21
Hex Converter:   FromElf.exe V6.21
CPU DLL:         SARMCM3.DLL V5.39.0.0
Dialog DLL:      DARMCM1.DLL V1.19.6.0
Target DLL:      STLink\ST-LINKIII-KEIL_SWO.dll V3.2.0.0
Dialog DLL:      TARMCM1.DLL V1.14.6.0
 
<h2>Project:</h2>
C:\Users\pokileda\Desktop\emya-github\aSmart_Communication_Protocol_Stack\aSmart_comm_lib\MDK-ARM\aSmart_Comm_Protocol_Stack.uvprojx
Project File Date:  10/09/2024

<h2>Output:</h2>
*** Using Compiler 'V6.21', folder: 'C:\Keil_v5\ARM\ARMCLANG\Bin'
Build target 'aSmart_Comm_Protocol_Stack'
compiling stm32g0xx_it.c...
compiling main.c...
compiling usart.c...
compiling gpio.c...
compiling stm32g0xx_hal_msp.c...
compiling stm32g0xx_hal_uart_ex.c...
compiling stm32g0xx_ll_rcc.c...
compiling stm32g0xx_hal_gpio.c...
compiling stm32g0xx_hal_flash.c...
compiling stm32g0xx_hal_flash_ex.c...
compiling stm32g0xx_hal_uart.c...
compiling stm32g0xx_hal_rcc_ex.c...
compiling stm32g0xx_hal_rcc.c...
compiling stm32g0xx_hal_dma.c...
compiling stm32g0xx_ll_dma.c...
compiling stm32g0xx_hal_pwr.c...
compiling stm32g0xx_hal_dma_ex.c...
compiling stm32g0xx_hal_pwr_ex.c...
compiling stm32g0xx_hal_cortex.c...
compiling stm32g0xx_hal_tim.c...
compiling stm32g0xx_hal.c...
compiling stm32g0xx_hal_exti.c...
compiling crc16.c...
compiling stm32g0xx_hal_tim_ex.c...
compiling system_stm32g0xx.c...
compiling asmart_comm_handler.c...
linking...
Program Size: Code=13080 RO-data=872 RW-data=12 ZI-data=3100  
FromELF: creating hex file...
"aSmart_Comm_Protocol_Stack\aSmart_Comm_Protocol_Stack.axf" - 0 Error(s), 0 Warning(s).

<h2>Software Packages used:</h2>

Package Vendor: ARM
                http://www.keil.com/pack/ARM.CMSIS.5.9.0.pack
                ARM::CMSIS@5.9.0
                CMSIS (Common Microcontroller Software Interface Standard)
   * Component: CORE Version: 5.6.0

Package Vendor: Keil
                https://www.keil.com/pack/Keil.STM32G0xx_DFP.1.5.0.pack
                Keil::STM32G0xx_DFP@1.5.0
                STMicroelectronics STM32G0 Series Device Support

<h2>Collection of Component include folders:</h2>
  ./RTE/_aSmart_Comm_Protocol_Stack
  C:/Users/pokileda/AppData/Local/Arm/Packs/ARM/CMSIS/5.9.0/CMSIS/Core/Include
  C:/Users/pokileda/AppData/Local/Arm/Packs/Keil/STM32G0xx_DFP/1.5.0/Drivers/CMSIS/Device/ST/STM32G0xx/Include

<h2>Collection of Component Files used:</h2>

   * Component: ARM::CMSIS:CORE@5.6.0
      Include file:  CMSIS/Core/Include/tz_context.h
Build Time Elapsed:  00:00:06
</pre>
</body>
</html>
