Component: Arm Compiler for Embedded 6.21 Tool: armlink [5ec1fa00]

==============================================================================

Section Cross References

    startup_stm32g0b1xx.o(STACK) refers (Special) to heapauxi.o(.text) for __use_two_region_memory
    startup_stm32g0b1xx.o(HEAP) refers (Special) to heapauxi.o(.text) for __use_two_region_memory
    startup_stm32g0b1xx.o(RESET) refers (Special) to heapauxi.o(.text) for __use_two_region_memory
    startup_stm32g0b1xx.o(RESET) refers to startup_stm32g0b1xx.o(STACK) for __initial_sp
    startup_stm32g0b1xx.o(RESET) refers to startup_stm32g0b1xx.o(.text) for Reset_Handler
    startup_stm32g0b1xx.o(RESET) refers to stm32g0xx_it.o(.text.NMI_Handler) for NMI_Handler
    startup_stm32g0b1xx.o(RESET) refers to stm32g0xx_it.o(.text.HardFault_Handler) for HardFault_Handler
    startup_stm32g0b1xx.o(RESET) refers to stm32g0xx_it.o(.text.SVC_Handler) for SVC_Handler
    startup_stm32g0b1xx.o(RESET) refers to stm32g0xx_it.o(.text.PendSV_Handler) for PendSV_Handler
    startup_stm32g0b1xx.o(RESET) refers to stm32g0xx_it.o(.text.SysTick_Handler) for SysTick_Handler
    startup_stm32g0b1xx.o(RESET) refers to stm32g0xx_it.o(.text.USART2_LPUART2_IRQHandler) for USART2_LPUART2_IRQHandler
    startup_stm32g0b1xx.o(.text) refers (Special) to heapauxi.o(.text) for __use_two_region_memory
    startup_stm32g0b1xx.o(.text) refers to system_stm32g0xx.o(.text.SystemInit) for SystemInit
    startup_stm32g0b1xx.o(.text) refers to __main.o(!!!main) for __main
    startup_stm32g0b1xx.o(.text) refers to startup_stm32g0b1xx.o(HEAP) for Heap_Mem
    startup_stm32g0b1xx.o(.text) refers to startup_stm32g0b1xx.o(STACK) for Stack_Mem
    main.o(.text.main) refers to stm32g0xx_hal.o(.text.HAL_Init) for HAL_Init
    main.o(.text.main) refers to stm32g0xx_hal_pwr_ex.o(.text.HAL_PWREx_ControlVoltageScaling) for HAL_PWREx_ControlVoltageScaling
    main.o(.text.main) refers to stm32g0xx_hal_rcc.o(.text.HAL_RCC_OscConfig) for HAL_RCC_OscConfig
    main.o(.text.main) refers to stm32g0xx_hal_rcc.o(.text.HAL_RCC_ClockConfig) for HAL_RCC_ClockConfig
    main.o(.text.main) refers to gpio.o(.text.MX_GPIO_Init) for MX_GPIO_Init
    main.o(.text.main) refers to usart.o(.text.MX_LPUART2_UART_Init) for MX_LPUART2_UART_Init
    main.o(.text.main) refers to asmart_comm_handler.o(.text.asmart_comm_init) for asmart_comm_init
    main.o(.text.main) refers to asmart_comm_handler.o(.text.asmart_comm_handler) for asmart_comm_handler
    main.o(.text.main) refers to stm32g0xx_hal.o(.text.HAL_Delay) for HAL_Delay
    main.o(.text.main) refers to asmart_comm_handler.o(.text.asmart_comm_send_command) for asmart_comm_send_command
    main.o(.text.main) refers to asmart_comm_handler.o(.text.asmart_comm_send_notification) for asmart_comm_send_notification
    main.o(.text.main) refers to main.o(.bss.comm_handler) for comm_handler
    main.o(.text.main) refers to main.o(.text.response_handler) for response_handler
    main.o(.text.main) refers to main.o(.bss..L_MergedGlobals) for [Anonymous Symbol]
    main.o(.text.main) refers to main.o(.rodata.command_payload) for command_payload
    main.o(.ARM.exidx.text.main) refers to main.o(.text.main) for [Anonymous Symbol]
    main.o(.text.SystemClock_Config) refers to stm32g0xx_hal_pwr_ex.o(.text.HAL_PWREx_ControlVoltageScaling) for HAL_PWREx_ControlVoltageScaling
    main.o(.text.SystemClock_Config) refers to stm32g0xx_hal_rcc.o(.text.HAL_RCC_OscConfig) for HAL_RCC_OscConfig
    main.o(.text.SystemClock_Config) refers to stm32g0xx_hal_rcc.o(.text.HAL_RCC_ClockConfig) for HAL_RCC_ClockConfig
    main.o(.ARM.exidx.text.SystemClock_Config) refers to main.o(.text.SystemClock_Config) for [Anonymous Symbol]
    main.o(.text.response_handler) refers to stm32g0xx_hal_gpio.o(.text.HAL_GPIO_TogglePin) for HAL_GPIO_TogglePin
    main.o(.text.response_handler) refers to asmart_comm_handler.o(.text.asmart_comm_send_response) for asmart_comm_send_response
    main.o(.text.response_handler) refers to main.o(.bss.payload_recv) for payload_recv
    main.o(.text.response_handler) refers to main.o(.bss.comm_handler) for comm_handler
    main.o(.text.response_handler) refers to main.o(.rodata.command_payload) for command_payload
    main.o(.ARM.exidx.text.response_handler) refers to main.o(.text.response_handler) for [Anonymous Symbol]
    main.o(.ARM.exidx.text.Error_Handler) refers to main.o(.text.Error_Handler) for [Anonymous Symbol]
    gpio.o(.text.MX_GPIO_Init) refers to stm32g0xx_hal_gpio.o(.text.HAL_GPIO_WritePin) for HAL_GPIO_WritePin
    gpio.o(.text.MX_GPIO_Init) refers to stm32g0xx_hal_gpio.o(.text.HAL_GPIO_Init) for HAL_GPIO_Init
    gpio.o(.ARM.exidx.text.MX_GPIO_Init) refers to gpio.o(.text.MX_GPIO_Init) for [Anonymous Symbol]
    usart.o(.text.MX_LPUART2_UART_Init) refers to stm32g0xx_hal_uart_ex.o(.text.HAL_RS485Ex_Init) for HAL_RS485Ex_Init
    usart.o(.text.MX_LPUART2_UART_Init) refers to main.o(.text.Error_Handler) for Error_Handler
[...]
    Removing stm32g0xx_hal_cortex.o(.text.HAL_SYSTICK_IRQHandler), (8 bytes).
    Removing stm32g0xx_hal_cortex.o(.ARM.exidx.text.HAL_SYSTICK_IRQHandler), (8 bytes).
    Removing stm32g0xx_hal_cortex.o(.text.HAL_SYSTICK_Callback), (2 bytes).
    Removing stm32g0xx_hal_cortex.o(.ARM.exidx.text.HAL_SYSTICK_Callback), (8 bytes).
    Removing stm32g0xx_hal_cortex.o(.text.HAL_MPU_Enable), (24 bytes).
    Removing stm32g0xx_hal_cortex.o(.ARM.exidx.text.HAL_MPU_Enable), (8 bytes).
    Removing stm32g0xx_hal_cortex.o(.text.HAL_MPU_Disable), (16 bytes).
    Removing stm32g0xx_hal_cortex.o(.ARM.exidx.text.HAL_MPU_Disable), (8 bytes).
    Removing stm32g0xx_hal_cortex.o(.text.HAL_MPU_EnableRegion), (24 bytes).
    Removing stm32g0xx_hal_cortex.o(.ARM.exidx.text.HAL_MPU_EnableRegion), (8 bytes).
    Removing stm32g0xx_hal_cortex.o(.text.HAL_MPU_DisableRegion), (24 bytes).
    Removing stm32g0xx_hal_cortex.o(.ARM.exidx.text.HAL_MPU_DisableRegion), (8 bytes).
    Removing stm32g0xx_hal_cortex.o(.text.HAL_MPU_ConfigRegion), (84 bytes).
    Removing stm32g0xx_hal_cortex.o(.ARM.exidx.text.HAL_MPU_ConfigRegion), (8 bytes).
    Removing stm32g0xx_hal.o(.text), (0 bytes).
    Removing stm32g0xx_hal.o(.ARM.exidx.text.HAL_Init), (8 bytes).
    Removing stm32g0xx_hal.o(.ARM.exidx.text.HAL_InitTick), (8 bytes).
    Removing stm32g0xx_hal.o(.text.HAL_MspInit), (2 bytes).
    Removing stm32g0xx_hal.o(.ARM.exidx.text.HAL_MspInit), (8 bytes).
    Removing stm32g0xx_hal.o(.text.HAL_DeInit), (36 bytes).
    Removing stm32g0xx_hal.o(.ARM.exidx.text.HAL_DeInit), (8 bytes).
    Removing stm32g0xx_hal.o(.text.HAL_MspDeInit), (2 bytes).
    Removing stm32g0xx_hal.o(.ARM.exidx.text.HAL_MspDeInit), (8 bytes).
    Removing stm32g0xx_hal.o(.ARM.exidx.text.HAL_IncTick), (8 bytes).
    Removing stm32g0xx_hal.o(.ARM.exidx.text.HAL_GetTick), (8 bytes).
    Removing stm32g0xx_hal.o(.text.HAL_GetTickPrio), (12 bytes).
    Removing stm32g0xx_hal.o(.ARM.exidx.text.HAL_GetTickPrio), (8 bytes).
    Removing stm32g0xx_hal.o(.text.HAL_SetTickFreq), (36 bytes).
    Removing stm32g0xx_hal.o(.ARM.exidx.text.HAL_SetTickFreq), (8 bytes).
    Removing stm32g0xx_hal.o(.text.HAL_GetTickFreq), (12 bytes).
    Removing stm32g0xx_hal.o(.ARM.exidx.text.HAL_GetTickFreq), (8 bytes).
    Removing stm32g0xx_hal.o(.ARM.exidx.text.HAL_Delay), (8 bytes).
    Removing stm32g0xx_hal.o(.text.HAL_SuspendTick), (16 bytes).
    Removing stm32g0xx_hal.o(.ARM.exidx.text.HAL_SuspendTick), (8 bytes).
    Removing stm32g0xx_hal.o(.text.HAL_ResumeTick), (16 bytes).
    Removing stm32g0xx_hal.o(.ARM.exidx.text.HAL_ResumeTick), (8 bytes).
    Removing stm32g0xx_hal.o(.text.HAL_GetHalVersion), (8 bytes).
    Removing stm32g0xx_hal.o(.ARM.exidx.text.HAL_GetHalVersion), (8 bytes).
    Removing stm32g0xx_hal.o(.text.HAL_GetREVID), (12 bytes).
    Removing stm32g0xx_hal.o(.ARM.exidx.text.HAL_GetREVID), (8 bytes).
    Removing stm32g0xx_hal.o(.text.HAL_GetDEVID), (20 bytes).
    Removing stm32g0xx_hal.o(.ARM.exidx.text.HAL_GetDEVID), (8 bytes).
    Removing stm32g0xx_hal.o(.text.HAL_GetUIDw0), (12 bytes).
    Removing stm32g0xx_hal.o(.ARM.exidx.text.HAL_GetUIDw0), (8 bytes).
    Removing stm32g0xx_hal.o(.text.HAL_GetUIDw1), (12 bytes).
    Removing stm32g0xx_hal.o(.ARM.exidx.text.HAL_GetUIDw1), (8 bytes).
    Removing stm32g0xx_hal.o(.text.HAL_GetUIDw2), (12 bytes).
    Removing stm32g0xx_hal.o(.ARM.exidx.text.HAL_GetUIDw2), (8 bytes).
    Removing stm32g0xx_hal.o(.text.HAL_DBGMCU_EnableDBGStopMode), (16 bytes).
    Removing stm32g0xx_hal.o(.ARM.exidx.text.HAL_DBGMCU_EnableDBGStopMode), (8 bytes).
    Removing stm32g0xx_hal.o(.text.HAL_DBGMCU_DisableDBGStopMode), (16 bytes).
    Removing stm32g0xx_hal.o(.ARM.exidx.text.HAL_DBGMCU_DisableDBGStopMode), (8 bytes).
    Removing stm32g0xx_hal.o(.text.HAL_DBGMCU_EnableDBGStandbyMode), (16 bytes).
    Removing stm32g0xx_hal.o(.ARM.exidx.text.HAL_DBGMCU_EnableDBGStandbyMode), (8 bytes).
    Removing stm32g0xx_hal.o(.text.HAL_DBGMCU_DisableDBGStandbyMode), (16 bytes).
    Removing stm32g0xx_hal.o(.ARM.exidx.text.HAL_DBGMCU_DisableDBGStandbyMode), (8 bytes).
    Removing stm32g0xx_hal.o(.text.HAL_SYSCFG_VREFBUF_VoltageScalingConfig), (20 bytes).
    Removing stm32g0xx_hal.o(.ARM.exidx.text.HAL_SYSCFG_VREFBUF_VoltageScalingConfig), (8 bytes).
    Removing stm32g0xx_hal.o(.text.HAL_SYSCFG_VREFBUF_HighImpedanceConfig), (20 bytes).
    Removing stm32g0xx_hal.o(.ARM.exidx.text.HAL_SYSCFG_VREFBUF_HighImpedanceConfig), (8 bytes).
    Removing stm32g0xx_hal.o(.text.HAL_SYSCFG_VREFBUF_TrimmingConfig), (20 bytes).
    Removing stm32g0xx_hal.o(.ARM.exidx.text.HAL_SYSCFG_VREFBUF_TrimmingConfig), (8 bytes).
    Removing stm32g0xx_hal.o(.text.HAL_SYSCFG_EnableVREFBUF), (48 bytes).
    Removing stm32g0xx_hal.o(.ARM.exidx.text.HAL_SYSCFG_EnableVREFBUF), (8 bytes).
    Removing stm32g0xx_hal.o(.text.HAL_SYSCFG_DisableVREFBUF), (16 bytes).
    Removing stm32g0xx_hal.o(.ARM.exidx.text.HAL_SYSCFG_DisableVREFBUF), (8 bytes).
    Removing stm32g0xx_hal.o(.text.HAL_SYSCFG_EnableIOAnalogSwitchBooster), (20 bytes).
    Removing stm32g0xx_hal.o(.ARM.exidx.text.HAL_SYSCFG_EnableIOAnalogSwitchBooster), (8 bytes).
    Removing stm32g0xx_hal.o(.text.HAL_SYSCFG_DisableIOAnalogSwitchBooster), (20 bytes).
    Removing stm32g0xx_hal.o(.ARM.exidx.text.HAL_SYSCFG_DisableIOAnalogSwitchBooster), (8 bytes).
    Removing stm32g0xx_hal.o(.text.HAL_SYSCFG_EnableRemap), (16 bytes).
    Removing stm32g0xx_hal.o(.ARM.exidx.text.HAL_SYSCFG_EnableRemap), (8 bytes).
    Removing stm32g0xx_hal.o(.text.HAL_SYSCFG_DisableRemap), (16 bytes).
    Removing stm32g0xx_hal.o(.ARM.exidx.text.HAL_SYSCFG_DisableRemap), (8 bytes).
    Removing stm32g0xx_hal.o(.text.HAL_SYSCFG_EnableClampingDiode), (16 bytes).
    Removing stm32g0xx_hal.o(.ARM.exidx.text.HAL_SYSCFG_EnableClampingDiode), (8 bytes).
    Removing stm32g0xx_hal.o(.text.HAL_SYSCFG_DisableClampingDiode), (16 bytes).
    Removing stm32g0xx_hal.o(.ARM.exidx.text.HAL_SYSCFG_DisableClampingDiode), (8 bytes).
    Removing stm32g0xx_hal.o(.ARM.exidx.text.HAL_SYSCFG_StrobeDBattpinsConfig), (8 bytes).
    Removing stm32g0xx_hal_exti.o(.text), (0 bytes).
    Removing stm32g0xx_hal_exti.o(.text.HAL_EXTI_SetConfigLine), (176 bytes).
    Removing stm32g0xx_hal_exti.o(.ARM.exidx.text.HAL_EXTI_SetConfigLine), (8 bytes).
    Removing stm32g0xx_hal_exti.o(.text.HAL_EXTI_GetConfigLine), (156 bytes).
    Removing stm32g0xx_hal_exti.o(.ARM.exidx.text.HAL_EXTI_GetConfigLine), (8 bytes).
    Removing stm32g0xx_hal_exti.o(.text.HAL_EXTI_ClearConfigLine), (116 bytes).
    Removing stm32g0xx_hal_exti.o(.ARM.exidx.text.HAL_EXTI_ClearConfigLine), (8 bytes).
    Removing stm32g0xx_hal_exti.o(.text.HAL_EXTI_RegisterCallback), (34 bytes).
    Removing stm32g0xx_hal_exti.o(.ARM.exidx.text.HAL_EXTI_RegisterCallback), (8 bytes).
    Removing stm32g0xx_hal_exti.o(.text.HAL_EXTI_GetHandle), (14 bytes).
    Removing stm32g0xx_hal_exti.o(.ARM.exidx.text.HAL_EXTI_GetHandle), (8 bytes).
    Removing stm32g0xx_hal_exti.o(.text.HAL_EXTI_IRQHandler), (68 bytes).
    Removing stm32g0xx_hal_exti.o(.ARM.exidx.text.HAL_EXTI_IRQHandler), (8 bytes).
    Removing stm32g0xx_hal_exti.o(.text.HAL_EXTI_GetPending), (40 bytes).
    Removing stm32g0xx_hal_exti.o(.ARM.exidx.text.HAL_EXTI_GetPending), (8 bytes).
    Removing stm32g0xx_hal_exti.o(.text.HAL_EXTI_ClearPending), (36 bytes).
    Removing stm32g0xx_hal_exti.o(.ARM.exidx.text.HAL_EXTI_ClearPending), (8 bytes).
    Removing stm32g0xx_hal_exti.o(.text.HAL_EXTI_GenerateSWI), (28 bytes).
    Removing stm32g0xx_hal_exti.o(.ARM.exidx.text.HAL_EXTI_GenerateSWI), (8 bytes).
    Removing stm32g0xx_hal_tim.o(.text), (0 bytes).
    Removing stm32g0xx_hal_tim_ex.o(.text), (0 bytes).
    Removing system_stm32g0xx.o(.text), (0 bytes).
    Removing system_stm32g0xx.o(.ARM.exidx.text.SystemInit), (8 bytes).
    Removing system_stm32g0xx.o(.text.SystemCoreClockUpdate), (144 bytes).
    Removing system_stm32g0xx.o(.ARM.exidx.text.SystemCoreClockUpdate), (8 bytes).
    Removing crc16.o(.text), (0 bytes).
    Removing crc16.o(.ARM.exidx.text.crc16), (8 bytes).
    Removing asmart_comm_handler.o(.text), (0 bytes).
    Removing asmart_comm_handler.o(.ARM.exidx.text.asmart_comm_init), (8 bytes).
    Removing asmart_comm_handler.o(.ARM.exidx.text.asmart_comm_handler), (8 bytes).
    Removing asmart_comm_handler.o(.ARM.exidx.text.asmart_comm_send_command), (8 bytes).
    Removing asmart_comm_handler.o(.ARM.exidx.text.asmart_comm_send_notification), (8 bytes).
    Removing asmart_comm_handler.o(.ARM.exidx.text.asmart_comm_send_response), (8 bytes).
    Removing asmart_comm_handler.o(.text.asmart_comm_send_error), (116 bytes).
    Removing asmart_comm_handler.o(.ARM.exidx.text.asmart_comm_send_error), (8 bytes).
    Removing asmart_comm_handler.o(.ARM.exidx.text.HAL_UARTEx_RxEventCallback), (8 bytes).

553 unused section(s) (total 20933 bytes) removed from the image.

==============================================================================

Image Symbol Table

    Local Symbols

    Symbol Name                              Value     Ov Type        Size  Object(Section)

    ../clib/angel/boardlib.s                 0x00000000   Number         0  boardinit1.o ABSOLUTE
    ../clib/angel/boardlib.s                 0x00000000   Number         0  boardinit2.o ABSOLUTE
    ../clib/angel/boardlib.s                 0x00000000   Number         0  boardinit3.o ABSOLUTE
    ../clib/angel/boardlib.s                 0x00000000   Number         0  boardshut.o ABSOLUTE
    ../clib/angel/handlers.s                 0x00000000   Number         0  __scatter_copy.o ABSOLUTE
    ../clib/angel/handlers.s                 0x00000000   Number         0  __scatter_zi.o ABSOLUTE
    ../clib/angel/kernel.s                   0x00000000   Number         0  __rtentry.o ABSOLUTE
    ../clib/angel/kernel.s                   0x00000000   Number         0  __rtentry2.o ABSOLUTE
    ../clib/angel/kernel.s                   0x00000000   Number         0  __rtentry4.o ABSOLUTE
    ../clib/angel/kernel.s                   0x00000000   Number         0  rtexit.o ABSOLUTE
    ../clib/angel/kernel.s                   0x00000000   Number         0  rtexit2.o ABSOLUTE
    ../clib/angel/rt.s                       0x00000000   Number         0  aeabi_idiv0.o ABSOLUTE
    ../clib/angel/rt.s                       0x00000000   Number         0  aeabi_idiv0_sigfpe.o ABSOLUTE
    ../clib/angel/rt.s                       0x00000000   Number         0  aeabi_ldiv0.o ABSOLUTE
    ../clib/angel/rt.s                       0x00000000   Number         0  aeabi_ldiv0_sigfpe.o ABSOLUTE
    ../clib/angel/rt.s                       0x00000000   Number         0  rt_div0.o ABSOLUTE
    ../clib/angel/rt.s                       0x00000000   Number         0  rt_raise.o ABSOLUTE
    ../clib/angel/scatterp.s                 0x00000000   Number         0  __scatter.o ABSOLUTE
    ../clib/angel/startup.s                  0x00000000   Number         0  __main.o ABSOLUTE
    ../clib/angel/sys.s                      0x00000000   Number         0  sys_stackheap_outer.o ABSOLUTE
    ../clib/angel/sys.s                      0x00000000   Number         0  libspace.o ABSOLUTE
    ../clib/angel/sys.s                      0x00000000   Number         0  tempstk.o ABSOLUTE
    ../clib/angel/sys.s                      0x00000000   Number         0  use_no_semi.o ABSOLUTE
    ../clib/angel/sys.s                      0x00000000   Number         0  indicate_semi.o ABSOLUTE
    ../clib/angel/sysapp.c                   0x00000000   Number         0  sys_exit.o ABSOLUTE
    ../clib/angel/sysapp.c                   0x00000000   Number         0  sys_exit_hlt.o ABSOLUTE
    ../clib/angel/sysapp.c                   0x00000000   Number         0  sys_wrch.o ABSOLUTE
    ../clib/angel/sysapp.c                   0x00000000   Number         0  sys_wrch_hlt.o ABSOLUTE
    ../clib/angel/sysapp.c                   0x00000000   Number         0  sys_command.o ABSOLUTE
    ../clib/angel/sysapp.c                   0x00000000   Number         0  sys_command_hlt.o ABSOLUTE
    ../clib/armsys.c                         0x00000000   Number         0  argv_veneer.o ABSOLUTE
    ../clib/armsys.c                         0x00000000   Number         0  _get_argv_nomalloc.o ABSOLUTE
    ../clib/armsys.c                         0x00000000   Number         0  no_argv.o ABSOLUTE
    ../clib/division.c                       0x00000000   Number         0  lludiv.o ABSOLUTE
    ../clib/division.s                       0x00000000   Number         0  aeabi_sdivfast.o ABSOLUTE
    ../clib/division.s                       0x00000000   Number         0  aeabi_sdivfast_div0.o ABSOLUTE
    ../clib/heapalloc.c                      0x00000000   Number         0  hrguard.o ABSOLUTE
    ../clib/heapaux.c                        0x00000000   Number         0  heapauxi.o ABSOLUTE
    ../clib/libinit.s                        0x00000000   Number         0  libinit.o ABSOLUTE
    ../clib/libinit.s                        0x00000000   Number         0  libinit2.o ABSOLUTE
    ../clib/libinit.s                        0x00000000   Number         0  libshutdown.o ABSOLUTE
    ../clib/libinit.s                        0x00000000   Number         0  libshutdown2.o ABSOLUTE
    ../clib/memcpset.c                       0x00000000   Number         0  rt_memcpy.o ABSOLUTE
    ../clib/memcpset.c                       0x00000000   Number         0  rt_memcpy.o ABSOLUTE
    ../clib/memcpset.c                       0x00000000   Number         0  rt_memclr.o ABSOLUTE
    ../clib/signal.c                         0x00000000   Number         0  defsig_fpe_outer.o ABSOLUTE
    ../clib/signal.c                         0x00000000   Number         0  defsig_fpe_formal.o ABSOLUTE
    ../clib/signal.c                         0x00000000   Number         0  defsig_exit.o ABSOLUTE
    ../clib/signal.c                         0x00000000   Number         0  defsig_fpe_inner.o ABSOLUTE
    ../clib/signal.c                         0x00000000   Number         0  __raise.o ABSOLUTE
    ../clib/signal.c                         0x00000000   Number         0  defsig_general.o ABSOLUTE
    ../clib/signal.c                         0x00000000   Number         0  defsig_abrt_inner.o ABSOLUTE
    ../clib/signal.c                         0x00000000   Number         0  defsig_rtred_inner.o ABSOLUTE
    ../clib/signal.c                         0x00000000   Number         0  defsig_rtmem_inner.o ABSOLUTE
    ../clib/signal.c                         0x00000000   Number         0  defsig_rtmem_outer.o ABSOLUTE
    ../clib/signal.c                         0x00000000   Number         0  defsig_rtmem_formal.o ABSOLUTE
    ../clib/signal.c                         0x00000000   Number         0  defsig_stak_inner.o ABSOLUTE
    ../clib/signal.c                         0x00000000   Number         0  defsig_pvfn_inner.o ABSOLUTE
    ../clib/signal.c                         0x00000000   Number         0  defsig_cppl_inner.o ABSOLUTE
    ../clib/signal.c                         0x00000000   Number         0  defsig_segv_inner.o ABSOLUTE
    ../clib/signal.c                         0x00000000   Number         0  defsig_other.o ABSOLUTE
    ../clib/signal.s                         0x00000000   Number         0  defsig.o ABSOLUTE
    ../clib/stdlib.c                         0x00000000   Number         0  exit.o ABSOLUTE
    ../fplib/cfplib/fpinit.c                 0x00000000   Number         0  fpinit.o ABSOLUTE
    asmart_comm_handler.c                    0x00000000   Number         0  asmart_comm_handler.o ABSOLUTE
    crc16.c                                  0x00000000   Number         0  crc16.o ABSOLUTE
    dc.s                                     0x00000000   Number         0  dc.o ABSOLUTE
    gpio.c                                   0x00000000   Number         0  gpio.o ABSOLUTE
    main.c                                   0x00000000   Number         0  main.o ABSOLUTE
    startup_stm32g0b1xx.s                    0x00000000   Number         0  startup_stm32g0b1xx.o ABSOLUTE
    stm32g0xx_hal.c                          0x00000000   Number         0  stm32g0xx_hal.o ABSOLUTE
    stm32g0xx_hal_cortex.c                   0x00000000   Number         0  stm32g0xx_hal_cortex.o ABSOLUTE
    stm32g0xx_hal_dma.c                      0x00000000   Number         0  stm32g0xx_hal_dma.o ABSOLUTE
    stm32g0xx_hal_dma_ex.c                   0x00000000   Number         0  stm32g0xx_hal_dma_ex.o ABSOLUTE
    stm32g0xx_hal_exti.c                     0x00000000   Number         0  stm32g0xx_hal_exti.o ABSOLUTE
    stm32g0xx_hal_flash.c                    0x00000000   Number         0  stm32g0xx_hal_flash.o ABSOLUTE
    stm32g0xx_hal_flash_ex.c                 0x00000000   Number         0  stm32g0xx_hal_flash_ex.o ABSOLUTE
    stm32g0xx_hal_gpio.c                     0x00000000   Number         0  stm32g0xx_hal_gpio.o ABSOLUTE
    stm32g0xx_hal_msp.c                      0x00000000   Number         0  stm32g0xx_hal_msp.o ABSOLUTE
    stm32g0xx_hal_pwr.c                      0x00000000   Number         0  stm32g0xx_hal_pwr.o ABSOLUTE
    stm32g0xx_hal_pwr_ex.c                   0x00000000   Number         0  stm32g0xx_hal_pwr_ex.o ABSOLUTE
    stm32g0xx_hal_rcc.c                      0x00000000   Number         0  stm32g0xx_hal_rcc.o ABSOLUTE
    stm32g0xx_hal_rcc_ex.c                   0x00000000   Number         0  stm32g0xx_hal_rcc_ex.o ABSOLUTE
    stm32g0xx_hal_tim.c                      0x00000000   Number         0  stm32g0xx_hal_tim.o ABSOLUTE
    stm32g0xx_hal_tim_ex.c                   0x00000000   Number         0  stm32g0xx_hal_tim_ex.o ABSOLUTE
    stm32g0xx_hal_uart.c                     0x00000000   Number         0  stm32g0xx_hal_uart.o ABSOLUTE
    stm32g0xx_hal_uart_ex.c                  0x00000000   Number         0  stm32g0xx_hal_uart_ex.o ABSOLUTE
    stm32g0xx_it.c                           0x00000000   Number         0  stm32g0xx_it.o ABSOLUTE
    stm32g0xx_ll_dma.c                       0x00000000   Number         0  stm32g0xx_ll_dma.o ABSOLUTE
    stm32g0xx_ll_rcc.c                       0x00000000   Number         0  stm32g0xx_ll_rcc.o ABSOLUTE
    system_stm32g0xx.c                       0x00000000   Number         0  system_stm32g0xx.o ABSOLUTE
    usart.c                                  0x00000000   Number         0  usart.o ABSOLUTE
    RESET                                    0x08000000   Section      188  startup_stm32g0b1xx.o(RESET)
    !!!main                                  0x080000bc   Section        8  __main.o(!!!main)
    !!!scatter                               0x080000c4   Section       84  __scatter.o(!!!scatter)
    !!handler_copy                           0x08000118   Section       26  __scatter_copy.o(!!handler_copy)
    !!handler_null                           0x08000134   Section        2  __scatter.o(!!handler_null)
    !!handler_zi                             0x08000138   Section       28  __scatter_zi.o(!!handler_zi)
    .ARM.Collect$$libinit$$00000000          0x08000154   Section        2  libinit.o(.ARM.Collect$$libinit$$00000000)
    .ARM.Collect$$libinit$$00000002          0x08000156   Section        0  libinit2.o(.ARM.Collect$$libinit$$00000002)
    .ARM.Collect$$libinit$$00000004          0x08000156   Section        0  libinit2.o(.ARM.Collect$$libinit$$00000004)
    .ARM.Collect$$libinit$$00000006          0x08000156   Section        0  libinit2.o(.ARM.Collect$$libinit$$00000006)
    .ARM.Collect$$libinit$$0000000C          0x08000156   Section        0  libinit2.o(.ARM.Collect$$libinit$$0000000C)
    .ARM.Collect$$libinit$$0000000E          0x08000156   Section        0  libinit2.o(.ARM.Collect$$libinit$$0000000E)
    .ARM.Collect$$libinit$$00000010          0x08000156   Section        0  libinit2.o(.ARM.Collect$$libinit$$00000010)
    .ARM.Collect$$libinit$$00000013          0x08000156   Section        0  libinit2.o(.ARM.Collect$$libinit$$00000013)
    .ARM.Collect$$libinit$$00000015          0x08000156   Section        0  libinit2.o(.ARM.Collect$$libinit$$00000015)
    .ARM.Collect$$libinit$$00000017          0x08000156   Section        0  libinit2.o(.ARM.Collect$$libinit$$00000017)
    .ARM.Collect$$libinit$$00000019          0x08000156   Section        0  libinit2.o(.ARM.Collect$$libinit$$00000019)
    .ARM.Collect$$libinit$$0000001B          0x08000156   Section        0  libinit2.o(.ARM.Collect$$libinit$$0000001B)
    .ARM.Collect$$libinit$$0000001D          0x08000156   Section        0  libinit2.o(.ARM.Collect$$libinit$$0000001D)
    .ARM.Collect$$libinit$$0000001F          0x08000156   Section        0  libinit2.o(.ARM.Collect$$libinit$$0000001F)
    .ARM.Collect$$libinit$$00000021          0x08000156   Section        0  libinit2.o(.ARM.Collect$$libinit$$00000021)
    .ARM.Collect$$libinit$$00000023          0x08000156   Section        0  libinit2.o(.ARM.Collect$$libinit$$00000023)
    .ARM.Collect$$libinit$$00000025          0x08000156   Section        0  libinit2.o(.ARM.Collect$$libinit$$00000025)
    .ARM.Collect$$libinit$$00000027          0x08000156   Section        0  libinit2.o(.ARM.Collect$$libinit$$00000027)
    .ARM.Collect$$libinit$$0000002E          0x08000156   Section        0  libinit2.o(.ARM.Collect$$libinit$$0000002E)
    .ARM.Collect$$libinit$$00000030          0x08000156   Section        0  libinit2.o(.ARM.Collect$$libinit$$00000030)
    .ARM.Collect$$libinit$$00000032          0x08000156   Section        0  libinit2.o(.ARM.Collect$$libinit$$00000032)
    .ARM.Collect$$libinit$$00000034          0x08000156   Section        0  libinit2.o(.ARM.Collect$$libinit$$00000034)
    .ARM.Collect$$libinit$$00000035          0x08000156   Section        2  libinit2.o(.ARM.Collect$$libinit$$00000035)
    .ARM.Collect$$libshutdown$$00000000      0x08000158   Section        2  libshutdown.o(.ARM.Collect$$libshutdown$$00000000)
    .ARM.Collect$$libshutdown$$00000002      0x0800015a   Section        0  libshutdown2.o(.ARM.Collect$$libshutdown$$00000002)
    .ARM.Collect$$libshutdown$$00000004      0x0800015a   Section        0  libshutdown2.o(.ARM.Collect$$libshutdown$$00000004)
    .ARM.Collect$$libshutdown$$00000007      0x0800015a   Section        0  libshutdown2.o(.ARM.Collect$$libshutdown$$00000007)
    .ARM.Collect$$libshutdown$$0000000A      0x0800015a   Section        0  libshutdown2.o(.ARM.Collect$$libshutdown$$0000000A)
    .ARM.Collect$$libshutdown$$0000000C      0x0800015a   Section        0  libshutdown2.o(.ARM.Collect$$libshutdown$$0000000C)
    .ARM.Collect$$libshutdown$$0000000F      0x0800015a   Section        0  libshutdown2.o(.ARM.Collect$$libshutdown$$0000000F)
    .ARM.Collect$$libshutdown$$00000010      0x0800015a   Section        2  libshutdown2.o(.ARM.Collect$$libshutdown$$00000010)
    .ARM.Collect$$rtentry$$00000000          0x0800015c   Section        0  __rtentry.o(.ARM.Collect$$rtentry$$00000000)
    .ARM.Collect$$rtentry$$00000002          0x0800015c   Section        0  __rtentry2.o(.ARM.Collect$$rtentry$$00000002)
    .ARM.Collect$$rtentry$$00000004          0x0800015c   Section        6  __rtentry4.o(.ARM.Collect$$rtentry$$00000004)
    .ARM.Collect$$rtentry$$00000009          0x08000162   Section        0  __rtentry2.o(.ARM.Collect$$rtentry$$00000009)
    .ARM.Collect$$rtentry$$0000000A          0x08000162   Section        4  __rtentry2.o(.ARM.Collect$$rtentry$$0000000A)
    .ARM.Collect$$rtentry$$0000000C          0x08000166   Section        0  __rtentry2.o(.ARM.Collect$$rtentry$$0000000C)
    .ARM.Collect$$rtentry$$0000000D          0x08000166   Section        8  __rtentry2.o(.ARM.Collect$$rtentry$$0000000D)
    .ARM.Collect$$rtexit$$00000000           0x0800016e   Section        2  rtexit.o(.ARM.Collect$$rtexit$$00000000)
    .ARM.Collect$$rtexit$$00000002           0x08000170   Section        0  rtexit2.o(.ARM.Collect$$rtexit$$00000002)
    .ARM.Collect$$rtexit$$00000003           0x08000170   Section        4  rtexit2.o(.ARM.Collect$$rtexit$$00000003)
    .ARM.Collect$$rtexit$$00000004           0x08000174   Section        6  rtexit2.o(.ARM.Collect$$rtexit$$00000004)
    .emb_text                                0x0800017c   Section       56  rt_memcpy.o(.emb_text)
    .text                                    0x080001b4   Section       56  startup_stm32g0b1xx.o(.text)
    .text                                    0x080001ec   Section        0  lludiv.o(.text)
    .text                                    0x080002fc   Section        0  rt_memcpy.o(.text)
    .text                                    0x0800037e   Section        0  rt_memclr.o(.text)
    .text                                    0x080003be   Section        0  heapauxi.o(.text)
    .text                                    0x080003c4   Section       62  sys_stackheap_outer.o(.text)
    .text                                    0x08000402   Section        0  exit.o(.text)
    .text                                    0x08000414   Section        8  libspace.o(.text)
    .text                                    0x0800041c   Section        0  sys_exit.o(.text)
    .text                                    0x08000428   Section        2  use_no_semi.o(.text)
    [Anonymous Symbol]                       0x0800042a   Section        0  main.o(.text.Error_Handler)
    .text                                    0x0800042a   Section        0  indicate_semi.o(.text)
    [Anonymous Symbol]                       0x08000434   Section        0  stm32g0xx_hal_dma.o(.text.HAL_DMA_Abort)
    [Anonymous Symbol]                       0x080004a0   Section        0  stm32g0xx_hal_dma.o(.text.HAL_DMA_Abort_IT)
    __arm_cp.5_0                             0x08000508   Number         4  stm32g0xx_hal_dma.o(.text.HAL_DMA_Abort_IT)
    [Anonymous Symbol]                       0x0800050c   Section        0  stm32g0xx_hal.o(.text.HAL_Delay)
    [Anonymous Symbol]                       0x0800052c   Section        0  stm32g0xx_hal_gpio.o(.text.HAL_GPIO_Init)
    __arm_cp.0_0                             0x080006b0   Number         4  stm32g0xx_hal_gpio.o(.text.HAL_GPIO_Init)
    __arm_cp.0_1                             0x080006b4   Number         4  stm32g0xx_hal_gpio.o(.text.HAL_GPIO_Init)
    __arm_cp.0_2                             0x080006b8   Number         4  stm32g0xx_hal_gpio.o(.text.HAL_GPIO_Init)
    [Anonymous Symbol]                       0x080006bc   Section        0  stm32g0xx_hal_gpio.o(.text.HAL_GPIO_TogglePin)
    [Anonymous Symbol]                       0x080006cc   Section        0  stm32g0xx_hal_gpio.o(.text.HAL_GPIO_WritePin)
    [Anonymous Symbol]                       0x080006dc   Section        0  stm32g0xx_hal.o(.text.HAL_GetTick)
    [Anonymous Symbol]                       0x080006e4   Section        0  stm32g0xx_hal.o(.text.HAL_IncTick)
    __arm_cp.5_1                             0x080006f4   Number         4  stm32g0xx_hal.o(.text.HAL_IncTick)
    [Anonymous Symbol]                       0x080006f8   Section        0  stm32g0xx_hal.o(.text.HAL_Init)
    __arm_cp.0_0                             0x08000720   Number         4  stm32g0xx_hal.o(.text.HAL_Init)
    [Anonymous Symbol]                       0x08000724   Section        0  stm32g0xx_hal.o(.text.HAL_InitTick)
    __arm_cp.1_0                             0x08000764   Number         4  stm32g0xx_hal.o(.text.HAL_InitTick)
    [Anonymous Symbol]                       0x08000768   Section        0  stm32g0xx_hal_msp.o(.text.HAL_MspInit)
    __arm_cp.0_0                             0x0800079c   Number         4  stm32g0xx_hal_msp.o(.text.HAL_MspInit)
    [Anonymous Symbol]                       0x080007a0   Section        0  stm32g0xx_hal_cortex.o(.text.HAL_NVIC_EnableIRQ)
    __arm_cp.1_0                             0x080007b4   Number         4  stm32g0xx_hal_cortex.o(.text.HAL_NVIC_EnableIRQ)
    [Anonymous Symbol]                       0x080007b8   Section        0  stm32g0xx_hal_cortex.o(.text.HAL_NVIC_SetPriority)
    __arm_cp.0_0                             0x080007e8   Number         4  stm32g0xx_hal_cortex.o(.text.HAL_NVIC_SetPriority)
    __arm_cp.0_1                             0x080007ec   Number         4  stm32g0xx_hal_cortex.o(.text.HAL_NVIC_SetPriority)
    [Anonymous Symbol]                       0x080007f0   Section        0  stm32g0xx_hal_pwr_ex.o(.text.HAL_PWREx_ControlVoltageScaling)
    __arm_cp.27_0                            0x08000874   Number         4  stm32g0xx_hal_pwr_ex.o(.text.HAL_PWREx_ControlVoltageScaling)
    __arm_cp.27_1                            0x08000878   Number         4  stm32g0xx_hal_pwr_ex.o(.text.HAL_PWREx_ControlVoltageScaling)
    __arm_cp.27_2                            0x0800087c   Number         4  stm32g0xx_hal_pwr_ex.o(.text.HAL_PWREx_ControlVoltageScaling)
    [Anonymous Symbol]                       0x08000880   Section        0  stm32g0xx_hal_rcc_ex.o(.text.HAL_RCCEx_PeriphCLKConfig)
    __arm_cp.0_0                             0x08000b10   Number         4  stm32g0xx_hal_rcc_ex.o(.text.HAL_RCCEx_PeriphCLKConfig)
    __arm_cp.0_1                             0x08000b14   Number         4  stm32g0xx_hal_rcc_ex.o(.text.HAL_RCCEx_PeriphCLKConfig)
    __arm_cp.0_2                             0x08000b18   Number         4  stm32g0xx_hal_rcc_ex.o(.text.HAL_RCCEx_PeriphCLKConfig)
    __arm_cp.0_4                             0x08000b1c   Number         4  stm32g0xx_hal_rcc_ex.o(.text.HAL_RCCEx_PeriphCLKConfig)
    __arm_cp.0_5                             0x08000b20   Number         4  stm32g0xx_hal_rcc_ex.o(.text.HAL_RCCEx_PeriphCLKConfig)
    [Anonymous Symbol]                       0x08000b24   Section        0  stm32g0xx_hal_rcc.o(.text.HAL_RCC_ClockConfig)
    __arm_cp.2_0                             0x08000d0c   Number         4  stm32g0xx_hal_rcc.o(.text.HAL_RCC_ClockConfig)
    __arm_cp.2_1                             0x08000d10   Number         4  stm32g0xx_hal_rcc.o(.text.HAL_RCC_ClockConfig)
    __arm_cp.2_5                             0x08000d14   Number         4  stm32g0xx_hal_rcc.o(.text.HAL_RCC_ClockConfig)
    __arm_cp.2_7                             0x08000d18   Number         4  stm32g0xx_hal_rcc.o(.text.HAL_RCC_ClockConfig)
    [Anonymous Symbol]                       0x08000d1c   Section        0  stm32g0xx_hal_rcc.o(.text.HAL_RCC_GetPCLK1Freq)
    __arm_cp.6_0                             0x08000d38   Number         4  stm32g0xx_hal_rcc.o(.text.HAL_RCC_GetPCLK1Freq)
    __arm_cp.6_2                             0x08000d3c   Number         4  stm32g0xx_hal_rcc.o(.text.HAL_RCC_GetPCLK1Freq)
    [Anonymous Symbol]                       0x08000d40   Section        0  stm32g0xx_hal_rcc.o(.text.HAL_RCC_GetSysClockFreq)
    __arm_cp.3_0                             0x08000dbc   Number         4  stm32g0xx_hal_rcc.o(.text.HAL_RCC_GetSysClockFreq)
    __arm_cp.3_1                             0x08000dc0   Number         4  stm32g0xx_hal_rcc.o(.text.HAL_RCC_GetSysClockFreq)
    __arm_cp.3_2                             0x08000dc4   Number         4  stm32g0xx_hal_rcc.o(.text.HAL_RCC_GetSysClockFreq)
    [Anonymous Symbol]                       0x08000dc8   Section        0  stm32g0xx_hal_rcc.o(.text.HAL_RCC_OscConfig)
    __arm_cp.1_9                             0x080011b0   Number         4  stm32g0xx_hal_rcc.o(.text.HAL_RCC_OscConfig)
    __arm_cp.1_1                             0x0800126c   Number         4  stm32g0xx_hal_rcc.o(.text.HAL_RCC_OscConfig)
    __arm_cp.1_2                             0x08001270   Number         4  stm32g0xx_hal_rcc.o(.text.HAL_RCC_OscConfig)
    __arm_cp.1_3                             0x08001274   Number         4  stm32g0xx_hal_rcc.o(.text.HAL_RCC_OscConfig)
    __arm_cp.1_4                             0x08001278   Number         4  stm32g0xx_hal_rcc.o(.text.HAL_RCC_OscConfig)
    __arm_cp.1_5                             0x0800127c   Number         4  stm32g0xx_hal_rcc.o(.text.HAL_RCC_OscConfig)
    __arm_cp.1_6                             0x08001280   Number         4  stm32g0xx_hal_rcc.o(.text.HAL_RCC_OscConfig)
    __arm_cp.1_7                             0x08001284   Number         4  stm32g0xx_hal_rcc.o(.text.HAL_RCC_OscConfig)
    [Anonymous Symbol]                       0x08001288   Section        0  stm32g0xx_hal_uart_ex.o(.text.HAL_RS485Ex_Init)
    __arm_cp.0_0                             0x08001314   Number         4  stm32g0xx_hal_uart_ex.o(.text.HAL_RS485Ex_Init)
    [Anonymous Symbol]                       0x08001318   Section        0  stm32g0xx_hal.o(.text.HAL_SYSCFG_StrobeDBattpinsConfig)
    __arm_cp.34_0                            0x08001328   Number         4  stm32g0xx_hal.o(.text.HAL_SYSCFG_StrobeDBattpinsConfig)
    [Anonymous Symbol]                       0x0800132c   Section        0  stm32g0xx_hal_cortex.o(.text.HAL_SYSTICK_Config)
    __arm_cp.4_0                             0x08001354   Number         4  stm32g0xx_hal_cortex.o(.text.HAL_SYSTICK_Config)
    __arm_cp.4_1                             0x08001358   Number         4  stm32g0xx_hal_cortex.o(.text.HAL_SYSTICK_Config)
    __arm_cp.4_2                             0x0800135c   Number         4  stm32g0xx_hal_cortex.o(.text.HAL_SYSTICK_Config)
    [Anonymous Symbol]                       0x08001360   Section        0  stm32g0xx_hal_uart_ex.o(.text.HAL_UARTEx_DisableFifoMode)
    [Anonymous Symbol]                       0x08001396   Section        0  stm32g0xx_hal_uart_ex.o(.text.HAL_UARTEx_ReceiveToIdle_IT)
    [Anonymous Symbol]                       0x080013fc   Section        0  asmart_comm_handler.o(.text.HAL_UARTEx_RxEventCallback)
    __arm_cp.6_0                             0x08001428   Number         4  asmart_comm_handler.o(.text.HAL_UARTEx_RxEventCallback)
    __arm_cp.6_1                             0x0800142c   Number         4  asmart_comm_handler.o(.text.HAL_UARTEx_RxEventCallback)
    __arm_cp.6_2                             0x08001430   Number         4  asmart_comm_handler.o(.text.HAL_UARTEx_RxEventCallback)
    [Anonymous Symbol]                       0x08001434   Section        0  stm32g0xx_hal_uart_ex.o(.text.HAL_UARTEx_RxFifoFullCallback)
    [Anonymous Symbol]                       0x08001438   Section        0  stm32g0xx_hal_uart_ex.o(.text.HAL_UARTEx_SetRxFifoThreshold)
    [Anonymous Symbol]                       0x080014b0   Section        0  stm32g0xx_hal_uart_ex.o(.text.HAL_UARTEx_SetTxFifoThreshold)
    __arm_cp.10_0                            0x08001528   Number         4  stm32g0xx_hal_uart_ex.o(.text.HAL_UARTEx_SetTxFifoThreshold)
    __arm_cp.10_1                            0x0800152c   Number         4  stm32g0xx_hal_uart_ex.o(.text.HAL_UARTEx_SetTxFifoThreshold)
    [Anonymous Symbol]                       0x08001530   Section        0  stm32g0xx_hal_uart_ex.o(.text.HAL_UARTEx_TxFifoEmptyCallback)
    [Anonymous Symbol]                       0x08001532   Section        0  stm32g0xx_hal_uart_ex.o(.text.HAL_UARTEx_WakeupCallback)
    [Anonymous Symbol]                       0x08001534   Section        0  stm32g0xx_hal_uart.o(.text.HAL_UART_ErrorCallback)
    [Anonymous Symbol]                       0x08001538   Section        0  stm32g0xx_hal_uart.o(.text.HAL_UART_IRQHandler)
    __arm_cp.42_5                            0x0800193c   Number         4  stm32g0xx_hal_uart.o(.text.HAL_UART_IRQHandler)
    __arm_cp.42_1                            0x08001970   Number         4  stm32g0xx_hal_uart.o(.text.HAL_UART_IRQHandler)
    __arm_cp.42_2                            0x08001974   Number         4  stm32g0xx_hal_uart.o(.text.HAL_UART_IRQHandler)
    __arm_cp.42_3                            0x08001978   Number         4  stm32g0xx_hal_uart.o(.text.HAL_UART_IRQHandler)
    [Anonymous Symbol]                       0x0800197c   Section        0  usart.o(.text.HAL_UART_MspInit)
    __arm_cp.1_2                             0x08001a28   Number         4  usart.o(.text.HAL_UART_MspInit)
    __arm_cp.1_3                             0x08001a2c   Number         4  usart.o(.text.HAL_UART_MspInit)
    [Anonymous Symbol]                       0x08001a30   Section        0  stm32g0xx_hal_uart.o(.text.HAL_UART_RxCpltCallback)
    [Anonymous Symbol]                       0x08001a34   Section        0  stm32g0xx_hal_uart.o(.text.HAL_UART_Transmit)
    __arm_cp.10_0                            0x08001bc4   Number         4  stm32g0xx_hal_uart.o(.text.HAL_UART_Transmit)
    [Anonymous Symbol]                       0x08001bc8   Section        0  stm32g0xx_hal_uart.o(.text.HAL_UART_TxCpltCallback)
    [Anonymous Symbol]                       0x08001bca   Section        0  stm32g0xx_it.o(.text.HardFault_Handler)
    [Anonymous Symbol]                       0x08001bcc   Section        0  gpio.o(.text.MX_GPIO_Init)
    __arm_cp.0_0                             0x08001c3c   Number         4  gpio.o(.text.MX_GPIO_Init)
    [Anonymous Symbol]                       0x08001c40   Section        0  usart.o(.text.MX_LPUART2_UART_Init)
    __arm_cp.0_0                             0x08001ca8   Number         4  usart.o(.text.MX_LPUART2_UART_Init)
    __arm_cp.0_1                             0x08001cac   Number         4  usart.o(.text.MX_LPUART2_UART_Init)
    [Anonymous Symbol]                       0x08001cb0   Section        0  stm32g0xx_it.o(.text.NMI_Handler)
    [Anonymous Symbol]                       0x08001cb2   Section        0  stm32g0xx_it.o(.text.PendSV_Handler)
    [Anonymous Symbol]                       0x08001cb4   Section        0  stm32g0xx_it.o(.text.SVC_Handler)
    [Anonymous Symbol]                       0x08001cb6   Section        0  stm32g0xx_it.o(.text.SysTick_Handler)
    [Anonymous Symbol]                       0x08001cbe   Section        0  system_stm32g0xx.o(.text.SystemInit)
    [Anonymous Symbol]                       0x08001cc0   Section        0  stm32g0xx_hal_uart.o(.text.UART_AdvFeatureConfig)
    [Anonymous Symbol]                       0x08001d94   Section        0  stm32g0xx_hal_uart.o(.text.UART_CheckIdleState)
    __arm_cp.4_0                             0x08001e54   Number         4  stm32g0xx_hal_uart.o(.text.UART_CheckIdleState)
    UART_DMAAbortOnError                     0x08001e59   Thumb Code    22  stm32g0xx_hal_uart.o(.text.UART_DMAAbortOnError)
    [Anonymous Symbol]                       0x08001e58   Section        0  stm32g0xx_hal_uart.o(.text.UART_DMAAbortOnError)
    UART_RxISR_16BIT                         0x08001e71   Thumb Code   212  stm32g0xx_hal_uart.o(.text.UART_RxISR_16BIT)
    [Anonymous Symbol]                       0x08001e70   Section        0  stm32g0xx_hal_uart.o(.text.UART_RxISR_16BIT)
    __arm_cp.63_0                            0x08001f44   Number         4  stm32g0xx_hal_uart.o(.text.UART_RxISR_16BIT)
    UART_RxISR_16BIT_FIFOEN                  0x08001f49   Thumb Code   464  stm32g0xx_hal_uart.o(.text.UART_RxISR_16BIT_FIFOEN)
    [Anonymous Symbol]                       0x08001f48   Section        0  stm32g0xx_hal_uart.o(.text.UART_RxISR_16BIT_FIFOEN)
    __arm_cp.61_2                            0x08002118   Number         4  stm32g0xx_hal_uart.o(.text.UART_RxISR_16BIT_FIFOEN)
    UART_RxISR_8BIT                          0x0800211d   Thumb Code   216  stm32g0xx_hal_uart.o(.text.UART_RxISR_8BIT)
    [Anonymous Symbol]                       0x0800211c   Section        0  stm32g0xx_hal_uart.o(.text.UART_RxISR_8BIT)
    __arm_cp.64_0                            0x080021f4   Number         4  stm32g0xx_hal_uart.o(.text.UART_RxISR_8BIT)
    UART_RxISR_8BIT_FIFOEN                   0x080021f9   Thumb Code   468  stm32g0xx_hal_uart.o(.text.UART_RxISR_8BIT_FIFOEN)
    [Anonymous Symbol]                       0x080021f8   Section        0  stm32g0xx_hal_uart.o(.text.UART_RxISR_8BIT_FIFOEN)
    __arm_cp.62_0                            0x080023cc   Number         4  stm32g0xx_hal_uart.o(.text.UART_RxISR_8BIT_FIFOEN)
    __arm_cp.62_1                            0x080023d0   Number         4  stm32g0xx_hal_uart.o(.text.UART_RxISR_8BIT_FIFOEN)
    [Anonymous Symbol]                       0x080023d4   Section        0  stm32g0xx_hal_uart.o(.text.UART_SetConfig)
    __arm_cp.3_0                             0x0800260c   Number         4  stm32g0xx_hal_uart.o(.text.UART_SetConfig)
    __arm_cp.3_1                             0x08002610   Number         4  stm32g0xx_hal_uart.o(.text.UART_SetConfig)
    __arm_cp.3_2                             0x08002614   Number         4  stm32g0xx_hal_uart.o(.text.UART_SetConfig)
    __arm_cp.3_3                             0x08002618   Number         4  stm32g0xx_hal_uart.o(.text.UART_SetConfig)
    __arm_cp.3_4                             0x0800261c   Number         4  stm32g0xx_hal_uart.o(.text.UART_SetConfig)
    __arm_cp.3_5                             0x08002620   Number         4  stm32g0xx_hal_uart.o(.text.UART_SetConfig)
    __arm_cp.3_6                             0x08002624   Number         4  stm32g0xx_hal_uart.o(.text.UART_SetConfig)
    __arm_cp.3_7                             0x08002628   Number         4  stm32g0xx_hal_uart.o(.text.UART_SetConfig)
    __arm_cp.3_8                             0x0800262c   Number         4  stm32g0xx_hal_uart.o(.text.UART_SetConfig)
    __arm_cp.3_9                             0x08002630   Number         4  stm32g0xx_hal_uart.o(.text.UART_SetConfig)
    __arm_cp.3_10                            0x08002634   Number         4  stm32g0xx_hal_uart.o(.text.UART_SetConfig)
    __arm_cp.3_11                            0x08002638   Number         4  stm32g0xx_hal_uart.o(.text.UART_SetConfig)
    __arm_cp.3_12                            0x0800263c   Number         4  stm32g0xx_hal_uart.o(.text.UART_SetConfig)
    __arm_cp.3_13                            0x08002640   Number         4  stm32g0xx_hal_uart.o(.text.UART_SetConfig)
    __arm_cp.3_14                            0x08002644   Number         4  stm32g0xx_hal_uart.o(.text.UART_SetConfig)
    __arm_cp.3_16                            0x08002658   Number         4  stm32g0xx_hal_uart.o(.text.UART_SetConfig)
    __arm_cp.3_17                            0x0800265c   Number         4  stm32g0xx_hal_uart.o(.text.UART_SetConfig)
    __arm_cp.3_18                            0x08002660   Number         4  stm32g0xx_hal_uart.o(.text.UART_SetConfig)
    __arm_cp.3_19                            0x08002664   Number         4  stm32g0xx_hal_uart.o(.text.UART_SetConfig)
    __arm_cp.3_20                            0x08002668   Number         4  stm32g0xx_hal_uart.o(.text.UART_SetConfig)
    [Anonymous Symbol]                       0x0800266c   Section        0  stm32g0xx_hal_uart.o(.text.UART_Start_Receive_IT)
    __arm_cp.19_0                            0x0800278c   Number         4  stm32g0xx_hal_uart.o(.text.UART_Start_Receive_IT)
    __arm_cp.19_1                            0x08002790   Number         4  stm32g0xx_hal_uart.o(.text.UART_Start_Receive_IT)
    __arm_cp.19_2                            0x08002794   Number         4  stm32g0xx_hal_uart.o(.text.UART_Start_Receive_IT)
    __arm_cp.19_3                            0x08002798   Number         4  stm32g0xx_hal_uart.o(.text.UART_Start_Receive_IT)
    __arm_cp.19_4                            0x0800279c   Number         4  stm32g0xx_hal_uart.o(.text.UART_Start_Receive_IT)
    [Anonymous Symbol]                       0x080027a0   Section        0  stm32g0xx_hal_uart.o(.text.UART_WaitOnFlagUntilTimeout)
    __arm_cp.11_0                            0x08002960   Number         4  stm32g0xx_hal_uart.o(.text.UART_WaitOnFlagUntilTimeout)
    [Anonymous Symbol]                       0x08002964   Section        0  stm32g0xx_it.o(.text.USART2_LPUART2_IRQHandler)
    __arm_cp.5_0                             0x08002970   Number         4  stm32g0xx_it.o(.text.USART2_LPUART2_IRQHandler)
    [Anonymous Symbol]                       0x08002974   Section        0  asmart_comm_handler.o(.text.asmart_comm_handler)
    __arm_cp.1_0                             0x08002dac   Number         4  asmart_comm_handler.o(.text.asmart_comm_handler)
    [Anonymous Symbol]                       0x08002db0   Section        0  asmart_comm_handler.o(.text.asmart_comm_init)
    __arm_cp.0_0                             0x08002dec   Number         4  asmart_comm_handler.o(.text.asmart_comm_init)
    __arm_cp.0_1                             0x08002df0   Number         4  asmart_comm_handler.o(.text.asmart_comm_init)
    [Anonymous Symbol]                       0x08002df4   Section        0  asmart_comm_handler.o(.text.asmart_comm_send_command)
    [Anonymous Symbol]                       0x08002ea0   Section        0  asmart_comm_handler.o(.text.asmart_comm_send_notification)
    [Anonymous Symbol]                       0x08002f0c   Section        0  asmart_comm_handler.o(.text.asmart_comm_send_response)
    __arm_cp.4_0                             0x08002f74   Number         4  asmart_comm_handler.o(.text.asmart_comm_send_response)
    __arm_cp.4_1                             0x08002f78   Number         4  asmart_comm_handler.o(.text.asmart_comm_send_response)
    __arm_cp.4_2                             0x08002f7c   Number         4  asmart_comm_handler.o(.text.asmart_comm_send_response)
    [Anonymous Symbol]                       0x08002f80   Section        0  crc16.o(.text.crc16)
    __arm_cp.0_0                             0x08002ff8   Number         4  crc16.o(.text.crc16)
    __arm_cp.0_1                             0x08002ffc   Number         4  crc16.o(.text.crc16)
    [Anonymous Symbol]                       0x08003000   Section        0  main.o(.text.main)
    __arm_cp.0_1                             0x080030c8   Number         4  main.o(.text.main)
    __arm_cp.0_2                             0x080030cc   Number         4  main.o(.text.main)
    [Anonymous Symbol]                       0x080030d0   Section        0  main.o(.text.response_handler)
    __arm_cp.2_0                             0x080031d0   Number         4  main.o(.text.response_handler)
    __arm_cp.2_1                             0x080031d4   Number         4  main.o(.text.response_handler)
    __arm_cp.2_2                             0x080031d8   Number         4  main.o(.text.response_handler)
    .text_divfast                            0x080031dc   Section      502  aeabi_sdivfast.o(.text_divfast)
    UARTEx_SetNbDataToProcess.numerator      0x08003450   Data           8  stm32g0xx_hal_uart_ex.o(.rodata.cst8)
    [Anonymous Symbol]                       0x08003450   Section        0  stm32g0xx_hal_uart_ex.o(.rodata.cst8)
    UARTEx_SetNbDataToProcess.denominator    0x08003458   Data           8  stm32g0xx_hal_uart_ex.o(.rodata.cst8)
    table_crc_hi                             0x08003460   Data         256  crc16.o(.rodata.table_crc_hi)
    [Anonymous Symbol]                       0x08003460   Section        0  crc16.o(.rodata.table_crc_hi)
    table_crc_lo                             0x08003560   Data         256  crc16.o(.rodata.table_crc_lo)
    [Anonymous Symbol]                       0x08003560   Section        0  crc16.o(.rodata.table_crc_lo)
    [Anonymous Symbol]                       0x20000000   Section        0  stm32g0xx_hal.o(.data..L_MergedGlobals)
    .bss                                     0x20000010   Section       96  libspace.o(.bss)
    [Anonymous Symbol]                       0x20000070   Section        0  main.o(.bss..L_MergedGlobals)
    Heap_Mem                                 0x20000628   Data         512  startup_stm32g0b1xx.o(HEAP)
    HEAP                                     0x20000628   Section      512  startup_stm32g0b1xx.o(HEAP)
    Stack_Mem                                0x20000828   Data        1024  startup_stm32g0b1xx.o(STACK)
    STACK                                    0x20000828   Section     1024  startup_stm32g0b1xx.o(STACK)
    __initial_sp                             0x20000c28   Data           0  startup_stm32g0b1xx.o(STACK)

    Global Symbols

    Symbol Name                              Value     Ov Type        Size  Object(Section)

    BuildAttributes$$THM_ISAv3M$S$PE$A:L22$X:L11$S22$IEEE1$IW$~IW$USESV6$~STKCKD$USESV7$~SHL$OTIME$ROPI$EBA8$UX$STANDARDLIB$REQ8$PRES8$EABIv2 0x00000000   Number         0  anon$$obj.o ABSOLUTE
    __ARM_exceptions_init                     - Undefined Weak Reference
    __alloca_initialize                       - Undefined Weak Reference
    __arm_preinit_                            - Undefined Weak Reference
    __arm_relocate_pie_                       - Undefined Weak Reference
    __cpp_initialize__aeabi_                  - Undefined Weak Reference
    __cxa_finalize                            - Undefined Weak Reference
    __rt_locale                               - Undefined Weak Reference
    __sigvec_lookup                           - Undefined Weak Reference
    _atexit_init                              - Undefined Weak Reference
    _call_atexit_fns                          - Undefined Weak Reference
    _clock_init                               - Undefined Weak Reference
    _fp_trap_init                             - Undefined Weak Reference
    _fp_trap_shutdown                         - Undefined Weak Reference
    _get_lc_collate                           - Undefined Weak Reference
    _get_lc_ctype                             - Undefined Weak Reference
    _get_lc_monetary                          - Undefined Weak Reference
    _get_lc_numeric                           - Undefined Weak Reference
    _get_lc_time                              - Undefined Weak Reference
    _getenv_init                              - Undefined Weak Reference
    _handle_redirection                       - Undefined Weak Reference
    _init_alloc                               - Undefined Weak Reference
    _init_user_alloc                          - Undefined Weak Reference
    _initio                                   - Undefined Weak Reference
    _rand_init                                - Undefined Weak Reference
    _signal_finish                            - Undefined Weak Reference
    _signal_init                              - Undefined Weak Reference
    _terminate_alloc                          - Undefined Weak Reference
    _terminate_user_alloc                     - Undefined Weak Reference
    _terminateio                              - Undefined Weak Reference
    __Vectors_Size                           0x000000bc   Number         0  startup_stm32g0b1xx.o ABSOLUTE
    __Vectors                                0x08000000   Data           4  startup_stm32g0b1xx.o(RESET)
    __Vectors_End                            0x080000bc   Data           0  startup_stm32g0b1xx.o(RESET)
    __main                                   0x080000bd   Thumb Code     8  __main.o(!!!main)
    __scatterload                            0x080000c5   Thumb Code     0  __scatter.o(!!!scatter)
    __scatterload_rt2                        0x080000c5   Thumb Code    74  __scatter.o(!!!scatter)
    __scatterload_rt2_thumb_only             0x080000c5   Thumb Code     0  __scatter.o(!!!scatter)
    __scatterload_loop                       0x080000cf   Thumb Code     0  __scatter.o(!!!scatter)
    __scatterload_copy                       0x08000119   Thumb Code    26  __scatter_copy.o(!!handler_copy)
    __scatterload_null                       0x08000135   Thumb Code     2  __scatter.o(!!handler_null)
    __scatterload_zeroinit                   0x08000139   Thumb Code    28  __scatter_zi.o(!!handler_zi)
    __rt_lib_init                            0x08000155   Thumb Code     0  libinit.o(.ARM.Collect$$libinit$$00000000)
    __rt_lib_init_alloca_1                   0x08000157   Thumb Code     0  libinit2.o(.ARM.Collect$$libinit$$00000030)
    __rt_lib_init_argv_1                     0x08000157   Thumb Code     0  libinit2.o(.ARM.Collect$$libinit$$0000002E)
    __rt_lib_init_atexit_1                   0x08000157   Thumb Code     0  libinit2.o(.ARM.Collect$$libinit$$0000001D)
    __rt_lib_init_clock_1                    0x08000157   Thumb Code     0  libinit2.o(.ARM.Collect$$libinit$$00000023)
    __rt_lib_init_cpp_1                      0x08000157   Thumb Code     0  libinit2.o(.ARM.Collect$$libinit$$00000034)
    __rt_lib_init_exceptions_1               0x08000157   Thumb Code     0  libinit2.o(.ARM.Collect$$libinit$$00000032)
    __rt_lib_init_fp_1                       0x08000157   Thumb Code     0  libinit2.o(.ARM.Collect$$libinit$$00000002)
    __rt_lib_init_fp_trap_1                  0x08000157   Thumb Code     0  libinit2.o(.ARM.Collect$$libinit$$00000021)
    __rt_lib_init_getenv_1                   0x08000157   Thumb Code     0  libinit2.o(.ARM.Collect$$libinit$$00000025)
    __rt_lib_init_heap_1                     0x08000157   Thumb Code     0  libinit2.o(.ARM.Collect$$libinit$$0000000C)
    __rt_lib_init_lc_collate_1               0x08000157   Thumb Code     0  libinit2.o(.ARM.Collect$$libinit$$00000013)
    __rt_lib_init_lc_ctype_1                 0x08000157   Thumb Code     0  libinit2.o(.ARM.Collect$$libinit$$00000015)
    __rt_lib_init_lc_monetary_1              0x08000157   Thumb Code     0  libinit2.o(.ARM.Collect$$libinit$$00000017)
    __rt_lib_init_lc_numeric_1               0x08000157   Thumb Code     0  libinit2.o(.ARM.Collect$$libinit$$00000019)
    __rt_lib_init_lc_time_1                  0x08000157   Thumb Code     0  libinit2.o(.ARM.Collect$$libinit$$0000001B)
    __rt_lib_init_preinit_1                  0x08000157   Thumb Code     0  libinit2.o(.ARM.Collect$$libinit$$00000006)
    __rt_lib_init_rand_1                     0x08000157   Thumb Code     0  libinit2.o(.ARM.Collect$$libinit$$00000010)
    __rt_lib_init_relocate_pie_1             0x08000157   Thumb Code     0  libinit2.o(.ARM.Collect$$libinit$$00000004)
    __rt_lib_init_return                     0x08000157   Thumb Code     0  libinit2.o(.ARM.Collect$$libinit$$00000035)
    __rt_lib_init_signal_1                   0x08000157   Thumb Code     0  libinit2.o(.ARM.Collect$$libinit$$0000001F)
    __rt_lib_init_stdio_1                    0x08000157   Thumb Code     0  libinit2.o(.ARM.Collect$$libinit$$00000027)
    __rt_lib_init_user_alloc_1               0x08000157   Thumb Code     0  libinit2.o(.ARM.Collect$$libinit$$0000000E)
    __rt_lib_shutdown                        0x08000159   Thumb Code     0  libshutdown.o(.ARM.Collect$$libshutdown$$00000000)
    __rt_lib_shutdown_cpp_1                  0x0800015b   Thumb Code     0  libshutdown2.o(.ARM.Collect$$libshutdown$$00000002)
    __rt_lib_shutdown_fp_trap_1              0x0800015b   Thumb Code     0  libshutdown2.o(.ARM.Collect$$libshutdown$$00000007)
    __rt_lib_shutdown_heap_1                 0x0800015b   Thumb Code     0  libshutdown2.o(.ARM.Collect$$libshutdown$$0000000F)
    __rt_lib_shutdown_return                 0x0800015b   Thumb Code     0  libshutdown2.o(.ARM.Collect$$libshutdown$$00000010)
    __rt_lib_shutdown_signal_1               0x0800015b   Thumb Code     0  libshutdown2.o(.ARM.Collect$$libshutdown$$0000000A)
    __rt_lib_shutdown_stdio_1                0x0800015b   Thumb Code     0  libshutdown2.o(.ARM.Collect$$libshutdown$$00000004)
    __rt_lib_shutdown_user_alloc_1           0x0800015b   Thumb Code     0  libshutdown2.o(.ARM.Collect$$libshutdown$$0000000C)
    __rt_entry                               0x0800015d   Thumb Code     0  __rtentry.o(.ARM.Collect$$rtentry$$00000000)
    __rt_entry_presh_1                       0x0800015d   Thumb Code     0  __rtentry2.o(.ARM.Collect$$rtentry$$00000002)
    __rt_entry_sh                            0x0800015d   Thumb Code     0  __rtentry4.o(.ARM.Collect$$rtentry$$00000004)
    __rt_entry_li                            0x08000163   Thumb Code     0  __rtentry2.o(.ARM.Collect$$rtentry$$0000000A)
    __rt_entry_postsh_1                      0x08000163   Thumb Code     0  __rtentry2.o(.ARM.Collect$$rtentry$$00000009)
    __rt_entry_main                          0x08000167   Thumb Code     0  __rtentry2.o(.ARM.Collect$$rtentry$$0000000D)
    __rt_entry_postli_1                      0x08000167   Thumb Code     0  __rtentry2.o(.ARM.Collect$$rtentry$$0000000C)
    __rt_exit                                0x0800016f   Thumb Code     0  rtexit.o(.ARM.Collect$$rtexit$$00000000)
    __rt_exit_ls                             0x08000171   Thumb Code     0  rtexit2.o(.ARM.Collect$$rtexit$$00000003)
    __rt_exit_prels_1                        0x08000171   Thumb Code     0  rtexit2.o(.ARM.Collect$$rtexit$$00000002)
    __rt_exit_exit                           0x08000175   Thumb Code     0  rtexit2.o(.ARM.Collect$$rtexit$$00000004)
    __aeabi_memcpy4                          0x0800017d   Thumb Code    56  rt_memcpy.o(.emb_text)
    __aeabi_memcpy8                          0x0800017d   Thumb Code     0  rt_memcpy.o(.emb_text)
    Reset_Handler                            0x080001b5   Thumb Code     8  startup_stm32g0b1xx.o(.text)
    ADC1_COMP_IRQHandler                     0x080001c7   Thumb Code     0  startup_stm32g0b1xx.o(.text)
    CEC_IRQHandler                           0x080001c7   Thumb Code     0  startup_stm32g0b1xx.o(.text)
    DMA1_Ch4_7_DMA2_Ch1_5_DMAMUX1_OVR_IRQHandler 0x080001c7   Thumb Code     0  startup_stm32g0b1xx.o(.text)
    DMA1_Channel1_IRQHandler                 0x080001c7   Thumb Code     0  startup_stm32g0b1xx.o(.text)
    DMA1_Channel2_3_IRQHandler               0x080001c7   Thumb Code     0  startup_stm32g0b1xx.o(.text)
    EXTI0_1_IRQHandler                       0x080001c7   Thumb Code     0  startup_stm32g0b1xx.o(.text)
    EXTI2_3_IRQHandler                       0x080001c7   Thumb Code     0  startup_stm32g0b1xx.o(.text)
    EXTI4_15_IRQHandler                      0x080001c7   Thumb Code     0  startup_stm32g0b1xx.o(.text)
    FLASH_IRQHandler                         0x080001c7   Thumb Code     0  startup_stm32g0b1xx.o(.text)
    I2C1_IRQHandler                          0x080001c7   Thumb Code     0  startup_stm32g0b1xx.o(.text)
    I2C2_3_IRQHandler                        0x080001c7   Thumb Code     0  startup_stm32g0b1xx.o(.text)
    PVD_VDDIO2_IRQHandler                    0x080001c7   Thumb Code     0  startup_stm32g0b1xx.o(.text)
    RCC_CRS_IRQHandler                       0x080001c7   Thumb Code     0  startup_stm32g0b1xx.o(.text)
    RTC_TAMP_IRQHandler                      0x080001c7   Thumb Code     0  startup_stm32g0b1xx.o(.text)
    SPI1_IRQHandler                          0x080001c7   Thumb Code     0  startup_stm32g0b1xx.o(.text)
    SPI2_3_IRQHandler                        0x080001c7   Thumb Code     0  startup_stm32g0b1xx.o(.text)
    TIM14_IRQHandler                         0x080001c7   Thumb Code     0  startup_stm32g0b1xx.o(.text)
    TIM15_IRQHandler                         0x080001c7   Thumb Code     0  startup_stm32g0b1xx.o(.text)
    TIM16_FDCAN_IT0_IRQHandler               0x080001c7   Thumb Code     0  startup_stm32g0b1xx.o(.text)
    TIM17_FDCAN_IT1_IRQHandler               0x080001c7   Thumb Code     0  startup_stm32g0b1xx.o(.text)
    TIM1_BRK_UP_TRG_COM_IRQHandler           0x080001c7   Thumb Code     0  startup_stm32g0b1xx.o(.text)
    TIM1_CC_IRQHandler                       0x080001c7   Thumb Code     0  startup_stm32g0b1xx.o(.text)
    TIM2_IRQHandler                          0x080001c7   Thumb Code     0  startup_stm32g0b1xx.o(.text)
    TIM3_TIM4_IRQHandler                     0x080001c7   Thumb Code     0  startup_stm32g0b1xx.o(.text)
    TIM6_DAC_LPTIM1_IRQHandler               0x080001c7   Thumb Code     0  startup_stm32g0b1xx.o(.text)
    TIM7_LPTIM2_IRQHandler                   0x080001c7   Thumb Code     0  startup_stm32g0b1xx.o(.text)
    USART1_IRQHandler                        0x080001c7   Thumb Code     0  startup_stm32g0b1xx.o(.text)
    USART3_4_5_6_LPUART1_IRQHandler          0x080001c7   Thumb Code     0  startup_stm32g0b1xx.o(.text)
    USB_UCPD1_2_IRQHandler                   0x080001c7   Thumb Code     0  startup_stm32g0b1xx.o(.text)
    WWDG_IRQHandler                          0x080001c7   Thumb Code     0  startup_stm32g0b1xx.o(.text)
    __user_initial_stackheap                 0x080001c9   Thumb Code     0  startup_stm32g0b1xx.o(.text)
    __aeabi_uldivmod                         0x080001ed   Thumb Code   272  lludiv.o(.text)
    _ll_udiv                                 0x080001ed   Thumb Code     0  lludiv.o(.text)
    __aeabi_memcpy                           0x080002fd   Thumb Code   130  rt_memcpy.o(.text)
    __rt_memcpy                              0x080002fd   Thumb Code     0  rt_memcpy.o(.text)
    _memset_w                                0x0800037f   Thumb Code    26  rt_memclr.o(.text)
    _memset                                  0x08000399   Thumb Code    30  rt_memclr.o(.text)
    __aeabi_memclr                           0x080003b7   Thumb Code     4  rt_memclr.o(.text)
    __rt_memclr                              0x080003b7   Thumb Code     0  rt_memclr.o(.text)
    __aeabi_memclr4                          0x080003bb   Thumb Code     0  rt_memclr.o(.text)
    __aeabi_memclr8                          0x080003bb   Thumb Code     0  rt_memclr.o(.text)
    __rt_memclr_w                            0x080003bb   Thumb Code     4  rt_memclr.o(.text)
    __use_two_region_memory                  0x080003bf   Thumb Code     2  heapauxi.o(.text)
    __rt_heap_escrow$2region                 0x080003c1   Thumb Code     2  heapauxi.o(.text)
    __rt_heap_expand$2region                 0x080003c3   Thumb Code     2  heapauxi.o(.text)
    __user_setup_stackheap                   0x080003c5   Thumb Code    62  sys_stackheap_outer.o(.text)
    exit                                     0x08000403   Thumb Code    16  exit.o(.text)
    __user_libspace                          0x08000415   Thumb Code     8  libspace.o(.text)
    __user_perproc_libspace                  0x08000415   Thumb Code     0  libspace.o(.text)
    __user_perthread_libspace                0x08000415   Thumb Code     0  libspace.o(.text)
    _sys_exit                                0x0800041d   Thumb Code     8  sys_exit.o(.text)
    __I$use$semihosting                      0x08000429   Thumb Code     0  use_no_semi.o(.text)
    __use_no_semihosting_swi                 0x08000429   Thumb Code     2  use_no_semi.o(.text)
    Error_Handler                            0x0800042b   Thumb Code     8  main.o(.text.Error_Handler)
    __semihosting_library_function           0x0800042b   Thumb Code     0  indicate_semi.o(.text)
    HAL_DMA_Abort                            0x08000435   Thumb Code   108  stm32g0xx_hal_dma.o(.text.HAL_DMA_Abort)
    HAL_DMA_Abort_IT                         0x080004a1   Thumb Code   104  stm32g0xx_hal_dma.o(.text.HAL_DMA_Abort_IT)
    HAL_Delay                                0x0800050d   Thumb Code    32  stm32g0xx_hal.o(.text.HAL_Delay)
    HAL_GPIO_Init                            0x0800052d   Thumb Code   388  stm32g0xx_hal_gpio.o(.text.HAL_GPIO_Init)
    HAL_GPIO_TogglePin                       0x080006bd   Thumb Code    16  stm32g0xx_hal_gpio.o(.text.HAL_GPIO_TogglePin)
    HAL_GPIO_WritePin                        0x080006cd   Thumb Code    16  stm32g0xx_hal_gpio.o(.text.HAL_GPIO_WritePin)
    HAL_GetTick                              0x080006dd   Thumb Code     8  stm32g0xx_hal.o(.text.HAL_GetTick)
    HAL_IncTick                              0x080006e5   Thumb Code    16  stm32g0xx_hal.o(.text.HAL_IncTick)
    HAL_Init                                 0x080006f9   Thumb Code    40  stm32g0xx_hal.o(.text.HAL_Init)
    HAL_InitTick                             0x08000725   Thumb Code    64  stm32g0xx_hal.o(.text.HAL_InitTick)
    HAL_MspInit                              0x08000769   Thumb Code    52  stm32g0xx_hal_msp.o(.text.HAL_MspInit)
    HAL_NVIC_EnableIRQ                       0x080007a1   Thumb Code    20  stm32g0xx_hal_cortex.o(.text.HAL_NVIC_EnableIRQ)
    HAL_NVIC_SetPriority                     0x080007b9   Thumb Code    48  stm32g0xx_hal_cortex.o(.text.HAL_NVIC_SetPriority)
    HAL_PWREx_ControlVoltageScaling          0x080007f1   Thumb Code   132  stm32g0xx_hal_pwr_ex.o(.text.HAL_PWREx_ControlVoltageScaling)
    HAL_RCCEx_PeriphCLKConfig                0x08000881   Thumb Code   656  stm32g0xx_hal_rcc_ex.o(.text.HAL_RCCEx_PeriphCLKConfig)
    HAL_RCC_ClockConfig                      0x08000b25   Thumb Code   488  stm32g0xx_hal_rcc.o(.text.HAL_RCC_ClockConfig)
    HAL_RCC_GetPCLK1Freq                     0x08000d1d   Thumb Code    28  stm32g0xx_hal_rcc.o(.text.HAL_RCC_GetPCLK1Freq)
    HAL_RCC_GetSysClockFreq                  0x08000d41   Thumb Code   124  stm32g0xx_hal_rcc.o(.text.HAL_RCC_GetSysClockFreq)
    HAL_RCC_OscConfig                        0x08000dc9   Thumb Code  1188  stm32g0xx_hal_rcc.o(.text.HAL_RCC_OscConfig)
    HAL_RS485Ex_Init                         0x08001289   Thumb Code   140  stm32g0xx_hal_uart_ex.o(.text.HAL_RS485Ex_Init)
    HAL_SYSCFG_StrobeDBattpinsConfig         0x08001319   Thumb Code    16  stm32g0xx_hal.o(.text.HAL_SYSCFG_StrobeDBattpinsConfig)
    HAL_SYSTICK_Config                       0x0800132d   Thumb Code    40  stm32g0xx_hal_cortex.o(.text.HAL_SYSTICK_Config)
    HAL_UARTEx_DisableFifoMode               0x08001361   Thumb Code    54  stm32g0xx_hal_uart_ex.o(.text.HAL_UARTEx_DisableFifoMode)
    HAL_UARTEx_ReceiveToIdle_IT              0x08001397   Thumb Code   102  stm32g0xx_hal_uart_ex.o(.text.HAL_UARTEx_ReceiveToIdle_IT)
    HAL_UARTEx_RxEventCallback               0x080013fd   Thumb Code    44  asmart_comm_handler.o(.text.HAL_UARTEx_RxEventCallback)
    HAL_UARTEx_RxFifoFullCallback            0x08001435   Thumb Code     2  stm32g0xx_hal_uart_ex.o(.text.HAL_UARTEx_RxFifoFullCallback)
    HAL_UARTEx_SetRxFifoThreshold            0x08001439   Thumb Code   120  stm32g0xx_hal_uart_ex.o(.text.HAL_UARTEx_SetRxFifoThreshold)
    HAL_UARTEx_SetTxFifoThreshold            0x080014b1   Thumb Code   120  stm32g0xx_hal_uart_ex.o(.text.HAL_UARTEx_SetTxFifoThreshold)
    HAL_UARTEx_TxFifoEmptyCallback           0x08001531   Thumb Code     2  stm32g0xx_hal_uart_ex.o(.text.HAL_UARTEx_TxFifoEmptyCallback)
    HAL_UARTEx_WakeupCallback                0x08001533   Thumb Code     2  stm32g0xx_hal_uart_ex.o(.text.HAL_UARTEx_WakeupCallback)
    HAL_UART_ErrorCallback                   0x08001535   Thumb Code     2  stm32g0xx_hal_uart.o(.text.HAL_UART_ErrorCallback)
    HAL_UART_IRQHandler                      0x08001539   Thumb Code  1080  stm32g0xx_hal_uart.o(.text.HAL_UART_IRQHandler)
    HAL_UART_MspInit                         0x0800197d   Thumb Code   172  usart.o(.text.HAL_UART_MspInit)
    HAL_UART_RxCpltCallback                  0x08001a31   Thumb Code     2  stm32g0xx_hal_uart.o(.text.HAL_UART_RxCpltCallback)
    HAL_UART_Transmit                        0x08001a35   Thumb Code   400  stm32g0xx_hal_uart.o(.text.HAL_UART_Transmit)
    HAL_UART_TxCpltCallback                  0x08001bc9   Thumb Code     2  stm32g0xx_hal_uart.o(.text.HAL_UART_TxCpltCallback)
    HardFault_Handler                        0x08001bcb   Thumb Code     2  stm32g0xx_it.o(.text.HardFault_Handler)
    MX_GPIO_Init                             0x08001bcd   Thumb Code   112  gpio.o(.text.MX_GPIO_Init)
    MX_LPUART2_UART_Init                     0x08001c41   Thumb Code   104  usart.o(.text.MX_LPUART2_UART_Init)
    NMI_Handler                              0x08001cb1   Thumb Code     2  stm32g0xx_it.o(.text.NMI_Handler)
    PendSV_Handler                           0x08001cb3   Thumb Code     2  stm32g0xx_it.o(.text.PendSV_Handler)
    SVC_Handler                              0x08001cb5   Thumb Code     2  stm32g0xx_it.o(.text.SVC_Handler)
    SysTick_Handler                          0x08001cb7   Thumb Code     8  stm32g0xx_it.o(.text.SysTick_Handler)
    SystemInit                               0x08001cbf   Thumb Code     2  system_stm32g0xx.o(.text.SystemInit)
    UART_AdvFeatureConfig                    0x08001cc1   Thumb Code   210  stm32g0xx_hal_uart.o(.text.UART_AdvFeatureConfig)
    UART_CheckIdleState                      0x08001d95   Thumb Code   192  stm32g0xx_hal_uart.o(.text.UART_CheckIdleState)
    UART_SetConfig                           0x080023d5   Thumb Code   568  stm32g0xx_hal_uart.o(.text.UART_SetConfig)
    UART_Start_Receive_IT                    0x0800266d   Thumb Code   288  stm32g0xx_hal_uart.o(.text.UART_Start_Receive_IT)
    UART_WaitOnFlagUntilTimeout              0x080027a1   Thumb Code   448  stm32g0xx_hal_uart.o(.text.UART_WaitOnFlagUntilTimeout)
    USART2_LPUART2_IRQHandler                0x08002965   Thumb Code    12  stm32g0xx_it.o(.text.USART2_LPUART2_IRQHandler)
    asmart_comm_handler                      0x08002975   Thumb Code  1080  asmart_comm_handler.o(.text.asmart_comm_handler)
    asmart_comm_init                         0x08002db1   Thumb Code    60  asmart_comm_handler.o(.text.asmart_comm_init)
    asmart_comm_send_command                 0x08002df5   Thumb Code   172  asmart_comm_handler.o(.text.asmart_comm_send_command)
    asmart_comm_send_notification            0x08002ea1   Thumb Code   108  asmart_comm_handler.o(.text.asmart_comm_send_notification)
    asmart_comm_send_response                0x08002f0d   Thumb Code   104  asmart_comm_handler.o(.text.asmart_comm_send_response)
    crc16                                    0x08002f81   Thumb Code   120  crc16.o(.text.crc16)
    main                                     0x08003001   Thumb Code   200  main.o(.text.main)
    response_handler                         0x080030d1   Thumb Code   256  main.o(.text.response_handler)
    __aeabi_uidiv                            0x080031dd   Thumb Code    68  aeabi_sdivfast.o(.text_divfast)
    __aeabi_idiv                             0x08003221   Thumb Code   434  aeabi_sdivfast.o(.text_divfast)
    AHBPrescTable                            0x080033d4   Data          64  system_stm32g0xx.o(.rodata.AHBPrescTable)
    APBPrescTable                            0x08003414   Data          32  system_stm32g0xx.o(.rodata.APBPrescTable)
    UARTPrescTable                           0x08003434   Data          24  stm32g0xx_hal_uart.o(.rodata.UARTPrescTable)
    command_payload                          0x0800344c   Data           4  main.o(.rodata.command_payload)
    Region$$Table$$Base                      0x08003660   Number         0  anon$$obj.o(Region$$Table)
    Region$$Table$$Limit                     0x08003680   Number         0  anon$$obj.o(Region$$Table)
    uwTickFreq                               0x20000000   Data           1  stm32g0xx_hal.o(.data..L_MergedGlobals)
    uwTickPrio                               0x20000004   Data           4  stm32g0xx_hal.o(.data..L_MergedGlobals)
    SystemCoreClock                          0x20000008   Data           4  system_stm32g0xx.o(.data.SystemCoreClock)
    __libspace_start                         0x20000010   Data          96  libspace.o(.bss)
    __temporary_stack_top$libspace           0x20000070   Data           0  libspace.o(.bss)
    command_flag                             0x20000070   Data           1  main.o(.bss..L_MergedGlobals)
    notif_flag                               0x20000071   Data           1  main.o(.bss..L_MergedGlobals)
    comm_handler                             0x20000074   Data        1204  main.o(.bss.comm_handler)
    hlpuart2                                 0x20000528   Data         148  usart.o(.bss.hlpuart2)
    payload_recv                             0x200005bc   Data         100  main.o(.bss.payload_recv)
    ptr_handler                              0x20000620   Data           4  asmart_comm_handler.o(.bss.ptr_handler)
    uwTick                                   0x20000624   Data           4  stm32g0xx_hal.o(.bss.uwTick)



==============================================================================

Memory Map of the image

  Image Entry point : 0x080000bd

  Load Region LR_IROM1 (Base: 0x08000000, Size: 0x00003690, Max: 0x00020000, ABSOLUTE)

    Execution Region ER_IROM1 (Exec base: 0x08000000, Load base: 0x08000000, Size: 0x00003680, Max: 0x00020000, ABSOLUTE)

    Exec Addr    Load Addr    Size         Type   Attr      Idx    E Section Name        Object

    0x08000000   0x08000000   0x000000bc   Data   RO            3    RESET               startup_stm32g0b1xx.o
    0x080000bc   0x080000bc   0x00000008   Code   RO          811  * !!!main             c_p.l(__main.o)
    0x080000c4   0x080000c4   0x00000054   Code   RO          992    !!!scatter          c_p.l(__scatter.o)
    0x08000118   0x08000118   0x0000001a   Code   RO          996    !!handler_copy      c_p.l(__scatter_copy.o)
    0x08000132   0x08000132   0x00000002   PAD
    0x08000134   0x08000134   0x00000002   Code   RO          993    !!handler_null      c_p.l(__scatter.o)
    0x08000136   0x08000136   0x00000002   PAD
    0x08000138   0x08000138   0x0000001c   Code   RO          998    !!handler_zi        c_p.l(__scatter_zi.o)
    0x08000154   0x08000154   0x00000002   Code   RO          853    .ARM.Collect$$libinit$$00000000  c_p.l(libinit.o)
    0x08000156   0x08000156   0x00000000   Code   RO          867    .ARM.Collect$$libinit$$00000002  c_p.l(libinit2.o)
    0x08000156   0x08000156   0x00000000   Code   RO          869    .ARM.Collect$$libinit$$00000004  c_p.l(libinit2.o)
    0x08000156   0x08000156   0x00000000   Code   RO          871    .ARM.Collect$$libinit$$00000006  c_p.l(libinit2.o)
    0x08000156   0x08000156   0x00000000   Code   RO          874    .ARM.Collect$$libinit$$0000000C  c_p.l(libinit2.o)
    0x08000156   0x08000156   0x00000000   Code   RO          876    .ARM.Collect$$libinit$$0000000E  c_p.l(libinit2.o)
    0x08000156   0x08000156   0x00000000   Code   RO          878    .ARM.Collect$$libinit$$00000010  c_p.l(libinit2.o)
    0x08000156   0x08000156   0x00000000   Code   RO          881    .ARM.Collect$$libinit$$00000013  c_p.l(libinit2.o)
    0x08000156   0x08000156   0x00000000   Code   RO          883    .ARM.Collect$$libinit$$00000015  c_p.l(libinit2.o)
    0x08000156   0x08000156   0x00000000   Code   RO          885    .ARM.Collect$$libinit$$00000017  c_p.l(libinit2.o)
    0x08000156   0x08000156   0x00000000   Code   RO          887    .ARM.Collect$$libinit$$00000019  c_p.l(libinit2.o)
    0x08000156   0x08000156   0x00000000   Code   RO          889    .ARM.Collect$$libinit$$0000001B  c_p.l(libinit2.o)
    0x08000156   0x08000156   0x00000000   Code   RO          891    .ARM.Collect$$libinit$$0000001D  c_p.l(libinit2.o)
    0x08000156   0x08000156   0x00000000   Code   RO          893    .ARM.Collect$$libinit$$0000001F  c_p.l(libinit2.o)
    0x08000156   0x08000156   0x00000000   Code   RO          895    .ARM.Collect$$libinit$$00000021  c_p.l(libinit2.o)
    0x08000156   0x08000156   0x00000000   Code   RO          897    .ARM.Collect$$libinit$$00000023  c_p.l(libinit2.o)
    0x08000156   0x08000156   0x00000000   Code   RO          899    .ARM.Collect$$libinit$$00000025  c_p.l(libinit2.o)
    0x08000156   0x08000156   0x00000000   Code   RO          901    .ARM.Collect$$libinit$$00000027  c_p.l(libinit2.o)
    0x08000156   0x08000156   0x00000000   Code   RO          905    .ARM.Collect$$libinit$$0000002E  c_p.l(libinit2.o)
    0x08000156   0x08000156   0x00000000   Code   RO          907    .ARM.Collect$$libinit$$00000030  c_p.l(libinit2.o)
    0x08000156   0x08000156   0x00000000   Code   RO          909    .ARM.Collect$$libinit$$00000032  c_p.l(libinit2.o)
    0x08000156   0x08000156   0x00000000   Code   RO          911    .ARM.Collect$$libinit$$00000034  c_p.l(libinit2.o)
    0x08000156   0x08000156   0x00000002   Code   RO          912    .ARM.Collect$$libinit$$00000035  c_p.l(libinit2.o)
    0x08000158   0x08000158   0x00000002   Code   RO          947    .ARM.Collect$$libshutdown$$00000000  c_p.l(libshutdown.o)
    0x0800015a   0x0800015a   0x00000000   Code   RO          975    .ARM.Collect$$libshutdown$$00000002  c_p.l(libshutdown2.o)
    0x0800015a   0x0800015a   0x00000000   Code   RO          977    .ARM.Collect$$libshutdown$$00000004  c_p.l(libshutdown2.o)
    0x0800015a   0x0800015a   0x00000000   Code   RO          980    .ARM.Collect$$libshutdown$$00000007  c_p.l(libshutdown2.o)
    0x0800015a   0x0800015a   0x00000000   Code   RO          983    .ARM.Collect$$libshutdown$$0000000A  c_p.l(libshutdown2.o)
    0x0800015a   0x0800015a   0x00000000   Code   RO          985    .ARM.Collect$$libshutdown$$0000000C  c_p.l(libshutdown2.o)
    0x0800015a   0x0800015a   0x00000000   Code   RO          988    .ARM.Collect$$libshutdown$$0000000F  c_p.l(libshutdown2.o)
    0x0800015a   0x0800015a   0x00000002   Code   RO          989    .ARM.Collect$$libshutdown$$00000010  c_p.l(libshutdown2.o)
    0x0800015c   0x0800015c   0x00000000   Code   RO          813    .ARM.Collect$$rtentry$$00000000  c_p.l(__rtentry.o)
    0x0800015c   0x0800015c   0x00000000   Code   RO          823    .ARM.Collect$$rtentry$$00000002  c_p.l(__rtentry2.o)
    0x0800015c   0x0800015c   0x00000006   Code   RO          835    .ARM.Collect$$rtentry$$00000004  c_p.l(__rtentry4.o)
    0x08000162   0x08000162   0x00000000   Code   RO          825    .ARM.Collect$$rtentry$$00000009  c_p.l(__rtentry2.o)
    0x08000162   0x08000162   0x00000004   Code   RO          826    .ARM.Collect$$rtentry$$0000000A  c_p.l(__rtentry2.o)
    0x08000166   0x08000166   0x00000000   Code   RO          828    .ARM.Collect$$rtentry$$0000000C  c_p.l(__rtentry2.o)
    0x08000166   0x08000166   0x00000008   Code   RO          829    .ARM.Collect$$rtentry$$0000000D  c_p.l(__rtentry2.o)
    0x0800016e   0x0800016e   0x00000002   Code   RO          858    .ARM.Collect$$rtexit$$00000000  c_p.l(rtexit.o)
    0x08000170   0x08000170   0x00000000   Code   RO          918    .ARM.Collect$$rtexit$$00000002  c_p.l(rtexit2.o)
    0x08000170   0x08000170   0x00000004   Code   RO          919    .ARM.Collect$$rtexit$$00000003  c_p.l(rtexit2.o)
    0x08000174   0x08000174   0x00000006   Code   RO          920    .ARM.Collect$$rtexit$$00000004  c_p.l(rtexit2.o)
    0x0800017a   0x0800017a   0x00000002   PAD
    0x0800017c   0x0800017c   0x00000038   Code   RO          795    .emb_text           c_p.l(rt_memcpy.o)
    0x080001b4   0x080001b4   0x00000038   Code   RO            4    .text               startup_stm32g0b1xx.o
    0x080001ec   0x080001ec   0x00000110   Code   RO          793    .text               c_p.l(lludiv.o)
    0x080002fc   0x080002fc   0x00000082   Code   RO          796    .text               c_p.l(rt_memcpy.o)
    0x0800037e   0x0800037e   0x00000040   Code   RO          799    .text               c_p.l(rt_memclr.o)
    0x080003be   0x080003be   0x00000006   Code   RO          809    .text               c_p.l(heapauxi.o)
    0x080003c4   0x080003c4   0x0000003e   Code   RO          839    .text               c_p.l(sys_stackheap_outer.o)
    0x08000402   0x08000402   0x00000010   Code   RO          842    .text               c_p.l(exit.o)
    0x08000412   0x08000412   0x00000002   PAD
    0x08000414   0x08000414   0x00000008   Code   RO          854    .text               c_p.l(libspace.o)
    0x0800041c   0x0800041c   0x0000000c   Code   RO          913    .text               c_p.l(sys_exit.o)
    0x08000428   0x08000428   0x00000002   Code   RO          936    .text               c_p.l(use_no_semi.o)
    0x0800042a   0x0800042a   0x00000000   Code   RO          938    .text               c_p.l(indicate_semi.o)
    0x0800042a   0x0800042a   0x00000008   Code   RO           17    .text.Error_Handler  main.o
    0x08000432   0x08000432   0x00000002   PAD
    0x08000434   0x08000434   0x0000006c   Code   RO          442    .text.HAL_DMA_Abort  stm32g0xx_hal_dma.o
    0x080004a0   0x080004a0   0x0000006c   Code   RO          444    .text.HAL_DMA_Abort_IT  stm32g0xx_hal_dma.o
    0x0800050c   0x0800050c   0x00000020   Code   RO          655    .text.HAL_Delay     stm32g0xx_hal.o
    0x0800052c   0x0800052c   0x00000190   Code   RO          408    .text.HAL_GPIO_Init  stm32g0xx_hal_gpio.o
    0x080006bc   0x080006bc   0x00000010   Code   RO          416    .text.HAL_GPIO_TogglePin  stm32g0xx_hal_gpio.o
    0x080006cc   0x080006cc   0x00000010   Code   RO          414    .text.HAL_GPIO_WritePin  stm32g0xx_hal_gpio.o
    0x080006dc   0x080006dc   0x00000008   Code   RO          647    .text.HAL_GetTick   stm32g0xx_hal.o
    0x080006e4   0x080006e4   0x00000014   Code   RO          645    .text.HAL_IncTick   stm32g0xx_hal.o
    0x080006f8   0x080006f8   0x0000002c   Code   RO          635    .text.HAL_Init      stm32g0xx_hal.o
    0x08000724   0x08000724   0x00000044   Code   RO          637    .text.HAL_InitTick  stm32g0xx_hal.o
    0x08000768   0x08000768   0x00000038   Code   RO           76    .text.HAL_MspInit   stm32g0xx_hal_msp.o
    0x080007a0   0x080007a0   0x00000018   Code   RO          595    .text.HAL_NVIC_EnableIRQ  stm32g0xx_hal_cortex.o
    0x080007b8   0x080007b8   0x00000038   Code   RO          593    .text.HAL_NVIC_SetPriority  stm32g0xx_hal_cortex.o
    0x080007f0   0x080007f0   0x00000090   Code   RO          571    .text.HAL_PWREx_ControlVoltageScaling  stm32g0xx_hal_pwr_ex.o
    0x08000880   0x08000880   0x000002a4   Code   RO          308    .text.HAL_RCCEx_PeriphCLKConfig  stm32g0xx_hal_rcc_ex.o
    0x08000b24   0x08000b24   0x000001f8   Code   RO          272    .text.HAL_RCC_ClockConfig  stm32g0xx_hal_rcc.o
    0x08000d1c   0x08000d1c   0x00000024   Code   RO          280    .text.HAL_RCC_GetPCLK1Freq  stm32g0xx_hal_rcc.o
    0x08000d40   0x08000d40   0x00000088   Code   RO          274    .text.HAL_RCC_GetSysClockFreq  stm32g0xx_hal_rcc.o
    0x08000dc8   0x08000dc8   0x000004c0   Code   RO          270    .text.HAL_RCC_OscConfig  stm32g0xx_hal_rcc.o
    0x08001288   0x08001288   0x00000090   Code   RO          227    .text.HAL_RS485Ex_Init  stm32g0xx_hal_uart_ex.o
    0x08001318   0x08001318   0x00000014   Code   RO          703    .text.HAL_SYSCFG_StrobeDBattpinsConfig  stm32g0xx_hal.o
    0x0800132c   0x0800132c   0x00000034   Code   RO          601    .text.HAL_SYSTICK_Config  stm32g0xx_hal_cortex.o
    0x08001360   0x08001360   0x00000036   Code   RO          245    .text.HAL_UARTEx_DisableFifoMode  stm32g0xx_hal_uart_ex.o
    0x08001396   0x08001396   0x00000066   Code   RO          253    .text.HAL_UARTEx_ReceiveToIdle_IT  stm32g0xx_hal_uart_ex.o
    0x080013fc   0x080013fc   0x00000038   Code   RO          781    .text.HAL_UARTEx_RxEventCallback  asmart_comm_handler.o
    0x08001434   0x08001434   0x00000002   Code   RO          231    .text.HAL_UARTEx_RxFifoFullCallback  stm32g0xx_hal_uart_ex.o
    0x08001436   0x08001436   0x00000002   PAD
    0x08001438   0x08001438   0x00000078   Code   RO          249    .text.HAL_UARTEx_SetRxFifoThreshold  stm32g0xx_hal_uart_ex.o
    0x080014b0   0x080014b0   0x00000080   Code   RO          247    .text.HAL_UARTEx_SetTxFifoThreshold  stm32g0xx_hal_uart_ex.o
    0x08001530   0x08001530   0x00000002   Code   RO          233    .text.HAL_UARTEx_TxFifoEmptyCallback  stm32g0xx_hal_uart_ex.o
    0x08001532   0x08001532   0x00000002   Code   RO          229    .text.HAL_UARTEx_WakeupCallback  stm32g0xx_hal_uart_ex.o
    0x08001534   0x08001534   0x00000002   Code   RO          172    .text.HAL_UART_ErrorCallback  stm32g0xx_hal_uart.o
    0x08001536   0x08001536   0x00000002   PAD
    0x08001538   0x08001538   0x00000444   Code   RO          168    .text.HAL_UART_IRQHandler  stm32g0xx_hal_uart.o
    0x0800197c   0x0800197c   0x000000b4   Code   RO           44    .text.HAL_UART_MspInit  usart.o
    0x08001a30   0x08001a30   0x00000002   Code   RO          180    .text.HAL_UART_RxCpltCallback  stm32g0xx_hal_uart.o
    0x08001a32   0x08001a32   0x00000002   PAD
    0x08001a34   0x08001a34   0x00000194   Code   RO          104    .text.HAL_UART_Transmit  stm32g0xx_hal_uart.o
    0x08001bc8   0x08001bc8   0x00000002   Code   RO          176    .text.HAL_UART_TxCpltCallback  stm32g0xx_hal_uart.o
    0x08001bca   0x08001bca   0x00000002   Code   RO           59    .text.HardFault_Handler  stm32g0xx_it.o
    0x08001bcc   0x08001bcc   0x00000074   Code   RO           33    .text.MX_GPIO_Init  gpio.o
    0x08001c40   0x08001c40   0x00000070   Code   RO           42    .text.MX_LPUART2_UART_Init  usart.o
    0x08001cb0   0x08001cb0   0x00000002   Code   RO           57    .text.NMI_Handler   stm32g0xx_it.o
    0x08001cb2   0x08001cb2   0x00000002   Code   RO           63    .text.PendSV_Handler  stm32g0xx_it.o
    0x08001cb4   0x08001cb4   0x00000002   Code   RO           61    .text.SVC_Handler   stm32g0xx_it.o
    0x08001cb6   0x08001cb6   0x00000008   Code   RO           65    .text.SysTick_Handler  stm32g0xx_it.o
    0x08001cbe   0x08001cbe   0x00000002   Code   RO          743    .text.SystemInit    system_stm32g0xx.o
    0x08001cc0   0x08001cc0   0x000000d2   Code   RO           88    .text.UART_AdvFeatureConfig  stm32g0xx_hal_uart.o
    0x08001d92   0x08001d92   0x00000002   PAD
    0x08001d94   0x08001d94   0x000000c4   Code   RO           92    .text.UART_CheckIdleState  stm32g0xx_hal_uart.o
    0x08001e58   0x08001e58   0x00000016   Code   RO          170    .text.UART_DMAAbortOnError  stm32g0xx_hal_uart.o
    0x08001e6e   0x08001e6e   0x00000002   PAD
    0x08001e70   0x08001e70   0x000000d8   Code   RO          210    .text.UART_RxISR_16BIT  stm32g0xx_hal_uart.o
    0x08001f48   0x08001f48   0x000001d4   Code   RO          206    .text.UART_RxISR_16BIT_FIFOEN  stm32g0xx_hal_uart.o
    0x0800211c   0x0800211c   0x000000dc   Code   RO          212    .text.UART_RxISR_8BIT  stm32g0xx_hal_uart.o
    0x080021f8   0x080021f8   0x000001dc   Code   RO          208    .text.UART_RxISR_8BIT_FIFOEN  stm32g0xx_hal_uart.o
    0x080023d4   0x080023d4   0x00000298   Code   RO           90    .text.UART_SetConfig  stm32g0xx_hal_uart.o
    0x0800266c   0x0800266c   0x00000134   Code   RO          122    .text.UART_Start_Receive_IT  stm32g0xx_hal_uart.o
    0x080027a0   0x080027a0   0x000001c4   Code   RO          106    .text.UART_WaitOnFlagUntilTimeout  stm32g0xx_hal_uart.o
    0x08002964   0x08002964   0x00000010   Code   RO           67    .text.USART2_LPUART2_IRQHandler  stm32g0xx_it.o
    0x08002974   0x08002974   0x0000043c   Code   RO          771    .text.asmart_comm_handler  asmart_comm_handler.o
    0x08002db0   0x08002db0   0x00000044   Code   RO          769    .text.asmart_comm_init  asmart_comm_handler.o
    0x08002df4   0x08002df4   0x000000ac   Code   RO          773    .text.asmart_comm_send_command  asmart_comm_handler.o
    0x08002ea0   0x08002ea0   0x0000006c   Code   RO          775    .text.asmart_comm_send_notification  asmart_comm_handler.o
    0x08002f0c   0x08002f0c   0x00000074   Code   RO          777    .text.asmart_comm_send_response  asmart_comm_handler.o
    0x08002f80   0x08002f80   0x00000080   Code   RO          758    .text.crc16         crc16.o
    0x08003000   0x08003000   0x000000d0   Code   RO           11    .text.main          main.o
    0x080030d0   0x080030d0   0x0000010c   Code   RO           15    .text.response_handler  main.o
    0x080031dc   0x080031dc   0x000001f6   Code   RO          802    .text_divfast       c_p.l(aeabi_sdivfast.o)
    0x080033d2   0x080033d2   0x00000002   PAD
    0x080033d4   0x080033d4   0x00000040   Data   RO          748    .rodata.AHBPrescTable  system_stm32g0xx.o
    0x08003414   0x08003414   0x00000020   Data   RO          749    .rodata.APBPrescTable  system_stm32g0xx.o
    0x08003434   0x08003434   0x00000018   Data   RO          218    .rodata.UARTPrescTable  stm32g0xx_hal_uart.o
    0x0800344c   0x0800344c   0x00000004   Data   RO           20    .rodata.command_payload  main.o
    0x08003450   0x08003450   0x00000010   Data   RO          259    .rodata.cst8        stm32g0xx_hal_uart_ex.o
    0x08003460   0x08003460   0x00000100   Data   RO          760    .rodata.table_crc_hi  crc16.o
    0x08003560   0x08003560   0x00000100   Data   RO          761    .rodata.table_crc_lo  crc16.o
    0x08003660   0x08003660   0x00000020   Data   RO          991    Region$$Table       anon$$obj.o


    Execution Region RW_IRAM1 (Exec base: 0x20000000, Load base: 0x08003680, Size: 0x00000c28, Max: 0x00024000, ABSOLUTE)

    Exec Addr    Load Addr    Size         Type   Attr      Idx    E Section Name        Object

    0x20000000   0x08003680   0x00000008   Data   RW          706    .data..L_MergedGlobals  stm32g0xx_hal.o
    0x20000008   0x08003688   0x00000004   Data   RW          747    .data.SystemCoreClock  system_stm32g0xx.o
    0x2000000c   0x0800368c   0x00000004   PAD
    0x20000010        -       0x00000060   Zero   RW          855    .bss                c_p.l(libspace.o)
    0x20000070        -       0x00000002   Zero   RW           24    .bss..L_MergedGlobals  main.o
    0x20000072   0x0800368c   0x00000002   PAD
    0x20000074        -       0x000004b4   Zero   RW           21    .bss.comm_handler   main.o
    0x20000528        -       0x00000094   Zero   RW           48    .bss.hlpuart2       usart.o
    0x200005bc        -       0x00000064   Zero   RW           22    .bss.payload_recv   main.o
    0x20000620        -       0x00000004   Zero   RW          783    .bss.ptr_handler    asmart_comm_handler.o
    0x20000624        -       0x00000004   Zero   RW          705    .bss.uwTick         stm32g0xx_hal.o
    0x20000628        -       0x00000200   Zero   RW            2    HEAP                startup_stm32g0b1xx.o
    0x20000828        -       0x00000400   Zero   RW            1    STACK               startup_stm32g0b1xx.o


==============================================================================

Image component sizes


      Code (inc. data)   RO Data    RW Data    ZI Data      Debug   Object Name

      1604         36          0          0          4      13188   asmart_comm_handler.o
       128          8        512          0          0       1299   crc16.o
       116          4          0          0          0       2208   gpio.o
       484         20          4          0       1306       6543   main.o
        56         26        188          0       1536        680   startup_stm32g0b1xx.o
       192         16          0          8          4       8088   stm32g0xx_hal.o
       132         24          0          0          0       7050   stm32g0xx_hal_cortex.o
       216          4          0          0          0       9623   stm32g0xx_hal_dma.o
       432         12          0          0          0       4814   stm32g0xx_hal_gpio.o
        56          4          0          0          0       1307   stm32g0xx_hal_msp.o
       144         12          0          0          0       8433   stm32g0xx_hal_pwr_ex.o
      1892         84          0          0          0       9831   stm32g0xx_hal_rcc.o
       676         20          0          0          0      10650   stm32g0xx_hal_rcc_ex.o
      4734        192         24          0          0      50136   stm32g0xx_hal_uart.o
       554         12         16          0          0      12163   stm32g0xx_hal_uart_ex.o
        32          4          0          0          0       1159   stm32g0xx_it.o
         2          0         96          4          0       1980   system_stm32g0xx.o
       292         16          0          0        148       7689   usart.o

    ----------------------------------------------------------------------
     11754        494        872         12       3004     156841   Object Totals
         0          0         32          0          0          0   (incl. Generated)
        12          0          0          0          6          0   (incl. Padding)

    ----------------------------------------------------------------------

      Code (inc. data)   RO Data    RW Data    ZI Data      Debug   Library Member Name

         8          0          0          0          0         68   __main.o
         0          0          0          0          0          0   __rtentry.o
        12          0          0          0          0          0   __rtentry2.o
         6          0          0          0          0          0   __rtentry4.o
        86         10          0          0          0          0   __scatter.o
        26          0          0          0          0          0   __scatter_copy.o
        28          0          0          0          0          0   __scatter_zi.o
       502          0          0          0          0         92   aeabi_sdivfast.o
        16          0          0          0          0         68   exit.o
         6          0          0          0          0        136   heapauxi.o
         0          0          0          0          0          0   indicate_semi.o
         2          0          0          0          0          0   libinit.o
         2          0          0          0          0          0   libinit2.o
         2          0          0          0          0          0   libshutdown.o
         2          0          0          0          0          0   libshutdown2.o
         8          4          0          0         96         68   libspace.o
       272          0          0          0          0         88   lludiv.o
        64          0          0          0          0        108   rt_memclr.o
       186          0          0          0          0        144   rt_memcpy.o
         2          0          0          0          0          0   rtexit.o
        10          0          0          0          0          0   rtexit2.o
        12          4          0          0          0         60   sys_exit.o
        62          0          0          0          0         80   sys_stackheap_outer.o
         2          0          0          0          0         68   use_no_semi.o

    ----------------------------------------------------------------------
      1326         18          0          0         96        980   Library Totals
        10          0          0          0          0          0   (incl. Padding)

    ----------------------------------------------------------------------

      Code (inc. data)   RO Data    RW Data    ZI Data      Debug   Library Name

      1316         18          0          0         96        980   c_p.l

    ----------------------------------------------------------------------
      1326         18          0          0         96        980   Library Totals

    ----------------------------------------------------------------------

==============================================================================


      Code (inc. data)   RO Data    RW Data    ZI Data      Debug   

     13080        512        872         12       3100     157241   Grand Totals
     13080        512        872         12       3100     157241   ELF Image Totals
     13080        512        872         12          0          0   ROM Totals

==============================================================================

    Total RO  Size (Code + RO Data)                13952 (  13.62kB)
    Total RW  Size (RW Data + ZI Data)              3112 (   3.04kB)
    Total ROM Size (Code + RO Data + RW Data)      13964 (  13.64kB)

==============================================================================

